\BOOKMARK [1][-]{section.1}{\376\377\000I\000n\000t\000r\000o\000d\000u\000z\000i\000o\000n\000e}{}% 1
\BOOKMARK [1][-]{section.2}{\376\377\000S\000t\000r\000u\000t\000t\000u\000r\000a\000\040\000d\000e\000l\000\040\000d\000o\000c\000u\000m\000e\000n\000t\000o}{}% 2
\BOOKMARK [1][-]{section*.3}{\376\377\000A}{}% 3
\BOOKMARK [1][-]{section*.4}{\376\377\000B}{}% 4
\BOOKMARK [1][-]{section*.5}{\376\377\000C}{}% 5
\BOOKMARK [1][-]{section*.6}{\376\377\000D}{}% 6
\BOOKMARK [1][-]{section*.7}{\376\377\000E}{}% 7
\BOOKMARK [1][-]{section*.8}{\376\377\000F}{}% 8
\BOOKMARK [1][-]{section*.9}{\376\377\000G}{}% 9
\BOOKMARK [1][-]{section*.10}{\376\377\000H}{}% 10
\BOOKMARK [1][-]{section*.11}{\376\377\000I}{}% 11
\BOOKMARK [1][-]{section*.12}{\376\377\000J}{}% 12
\BOOKMARK [1][-]{section*.13}{\376\377\000K}{}% 13
\BOOKMARK [1][-]{section*.14}{\376\377\000L}{}% 14
\BOOKMARK [1][-]{section*.15}{\376\377\000M}{}% 15
\BOOKMARK [1][-]{section*.16}{\376\377\000N}{}% 16
\BOOKMARK [1][-]{section*.17}{\376\377\000O}{}% 17
\BOOKMARK [1][-]{section*.18}{\376\377\000P}{}% 18
\BOOKMARK [1][-]{section*.19}{\376\377\000Q}{}% 19
\BOOKMARK [1][-]{section*.20}{\376\377\000R}{}% 20
\BOOKMARK [1][-]{section*.21}{\376\377\000S}{}% 21
\BOOKMARK [1][-]{section*.22}{\376\377\000T}{}% 22
\BOOKMARK [1][-]{section*.23}{\376\377\000U}{}% 23
\BOOKMARK [1][-]{section*.24}{\376\377\000V}{}% 24
\BOOKMARK [1][-]{section*.25}{\376\377\000W}{}% 25
\BOOKMARK [1][-]{section*.26}{\376\377\000X}{}% 26
\BOOKMARK [1][-]{section*.27}{\376\377\000Y}{}% 27
\BOOKMARK [1][-]{section*.28}{\376\377\000Z}{}% 28
