\BOOKMARK [1][-]{section.1}{\376\377\000I\000n\000t\000r\000o\000d\000u\000z\000i\000o\000n\000e}{}% 1
\BOOKMARK [2][-]{subsection.1.1}{\376\377\000S\000c\000o\000p\000o\000\040\000d\000e\000l\000\040\000d\000o\000c\000u\000m\000e\000n\000t\000o}{section.1}% 2
\BOOKMARK [2][-]{subsection.1.2}{\376\377\000C\000o\000s\000a\000\040\000s\000o\000n\000o\000\040\000p\000e\000r\000\040\000n\000o\000i\000\040\000l\000e\000\040\000n\000o\000r\000m\000e\000\040\000d\000i\000\040\000p\000r\000o\000g\000e\000t\000t\000o\000G\000?}{section.1}% 3
\BOOKMARK [1][-]{section.2}{\376\377\000O\000r\000g\000a\000n\000i\000z\000z\000a\000z\000i\000o\000n\000e\000\040\000e\000\040\000c\000o\000m\000u\000n\000i\000c\000a\000z\000i\000o\000n\000e}{}% 4
\BOOKMARK [2][-]{subsection.2.1}{\376\377\000C\000o\000m\000u\000n\000i\000c\000a\000z\000i\000o\000n\000e\000\040\000i\000n\000t\000e\000r\000n\000a}{section.2}% 5
\BOOKMARK [2][-]{subsection.2.2}{\376\377\000C\000o\000m\000u\000n\000i\000c\000a\000z\000i\000o\000n\000e\000\040\000e\000s\000t\000e\000r\000n\000a}{section.2}% 6
\BOOKMARK [2][-]{subsection.2.3}{\376\377\000C\000o\000m\000u\000n\000i\000c\000a\000z\000i\000o\000n\000e\000\040\000n\000e\000i\000\040\000p\000e\000r\000i\000o\000d\000i\000\040\000d\000i\000\040\000v\000a\000c\000a\000n\000z\000a\000/\000s\000e\000s\000s\000i\000o\000n\000e}{section.2}% 7
\BOOKMARK [1][-]{section.3}{\376\377\000G\000e\000s\000t\000i\000o\000n\000e\000\040\000d\000e\000l\000\040\000c\000o\000d\000i\000c\000e\000\040\000e\000\040\000d\000o\000c\000u\000m\000e\000n\000t\000a\000z\000i\000o\000n\000e}{}% 8
\BOOKMARK [2][-]{subsection.3.1}{\376\377\000O\000r\000g\000a\000n\000i\000z\000z\000a\000z\000i\000o\000n\000e\000\040\000d\000e\000l\000l\000a\000\040\000r\000e\000p\000o\000s\000i\000t\000o\000r\000y\000G\000\040\000G\000i\000t\000H\000u\000b\000G}{section.3}% 9
\BOOKMARK [3][-]{subsubsection.3.1.1}{\376\377\000R\000e\000p\000o\000s\000i\000t\000o\000r\000y\000G\000\040\000p\000e\000r\000\040\000l\000a\000\040\000d\000o\000c\000u\000m\000e\000n\000t\000a\000z\000i\000o\000n\000e}{subsection.3.1}% 10
\BOOKMARK [3][-]{subsubsection.3.1.2}{\376\377\000V\000e\000r\000s\000i\000o\000n\000a\000m\000e\000n\000t\000o\000G\000\040\000d\000e\000l\000l\000a\000\040\000d\000o\000c\000u\000m\000e\000n\000t\000a\000z\000i\000o\000n\000e}{subsection.3.1}% 11
\BOOKMARK [3][-]{subsubsection.3.1.3}{\376\377\000V\000e\000r\000i\000f\000i\000c\000a\000G\000\040\000d\000e\000l\000l\000a\000\040\000d\000o\000c\000u\000m\000e\000n\000t\000a\000z\000i\000o\000n\000e}{subsection.3.1}% 12
\BOOKMARK [2][-]{subsection.3.2}{\376\377\000U\000t\000i\000l\000i\000z\000z\000o\000\040\000d\000i\000\040\000G\000i\000t\000G\000\040\000e\000\040\000G\000i\000t\000H\000u\000b\000G}{section.3}% 13
\BOOKMARK [3][-]{subsubsection.3.2.1}{\376\377\000W\000o\000r\000k\000f\000l\000o\000w\000\040\000d\000i\000\040\000s\000v\000i\000l\000u\000p\000p\000o}{subsection.3.2}% 14
\BOOKMARK [3][-]{subsubsection.3.2.2}{\376\377\000C\000o\000n\000v\000e\000n\000z\000i\000o\000n\000i\000\040\000p\000e\000r\000\040\000i\000\040\000d\000o\000c\000u\000m\000e\000n\000t\000i}{subsection.3.2}% 15
\BOOKMARK [3][-]{subsubsection.3.2.3}{\376\377\000G\000i\000t\000H\000u\000b\000G\000\040\000A\000c\000t\000i\000o\000n\000s\000\040\000p\000e\000r\000\040\000L\000a\000T\000e\000X}{subsection.3.2}% 16
\BOOKMARK [3][-]{subsubsection.3.2.4}{\376\377\000G\000e\000s\000t\000i\000o\000n\000e\000\040\000d\000e\000i\000\040\000c\000o\000m\000p\000i\000t\000i\000\040\000t\000r\000a\000m\000i\000t\000e\000\040\000G\000i\000t\000H\000u\000b\000G\000\040\000I\000s\000s\000u\000e\000s}{subsection.3.2}% 17
\BOOKMARK [3][-]{subsubsection.3.2.5}{\376\377\000D\000a\000s\000h\000b\000o\000a\000r\000d\000\040\000p\000e\000r\000\040\000i\000l\000\040\000t\000r\000a\000c\000k\000i\000n\000g\000\040\000d\000e\000l\000l\000e\000\040\000I\000s\000s\000u\000e\000s}{subsection.3.2}% 18
\BOOKMARK [2][-]{subsection.3.3}{\376\377\000S\000i\000t\000o\000\040\000W\000e\000b\000\040\000d\000e\000l\000l\000a\000\040\000d\000o\000c\000u\000m\000e\000n\000t\000a\000z\000i\000o\000n\000e}{section.3}% 19
\BOOKMARK [1][-]{section.4}{\376\377\000D\000o\000c\000u\000m\000e\000n\000t\000i}{}% 20
\BOOKMARK [2][-]{subsection.4.1}{\376\377\000.\000g\000i\000t\000h\000u\000b\000G\000/\000w\000o\000r\000k\000f\000l\000o\000w\000s}{section.4}% 21
\BOOKMARK [2][-]{subsection.4.2}{\376\377\000C\000a\000n\000d\000i\000d\000a\000t\000u\000r\000a}{section.4}% 22
\BOOKMARK [2][-]{subsection.4.3}{\376\377\000R\000T\000B}{section.4}% 23
\BOOKMARK [2][-]{subsection.4.4}{\376\377\000D\000o\000c\000u\000m\000e\000n\000t\000i\000\040\000i\000n\000t\000e\000r\000n\000i}{section.4}% 24
\BOOKMARK [2][-]{subsection.4.5}{\376\377\000V\000e\000r\000b\000a\000l\000i\000\040\000e\000s\000t\000e\000r\000n\000i}{section.4}% 25
\BOOKMARK [2][-]{subsection.4.6}{\376\377\000V\000e\000r\000b\000a\000l\000i\000\040\000i\000n\000t\000e\000r\000n\000i}{section.4}% 26
\BOOKMARK [2][-]{subsection.4.7}{\376\377\000d\000o\000c\000s}{section.4}% 27
\BOOKMARK [2][-]{subsection.4.8}{\376\377\000s\000c\000r\000i\000p\000t\000s}{section.4}% 28
\BOOKMARK [2][-]{subsection.4.9}{\376\377\000s\000r\000c}{section.4}% 29
\BOOKMARK [2][-]{subsection.4.10}{\376\377\000R\000E\000A\000D\000M\000E\000.\000m\000d}{section.4}% 30
\BOOKMARK [1][-]{section.5}{\376\377\000P\000i\000a\000n\000i\000f\000i\000c\000a\000z\000i\000o\000n\000e\000\040\000d\000e\000l\000\040\000l\000a\000v\000o\000r\000o}{}% 31
\BOOKMARK [2][-]{subsection.5.1}{\376\377\000D\000i\000v\000i\000s\000i\000o\000n\000e\000\040\000d\000e\000i\000\040\000r\000u\000o\000l\000i}{section.5}% 32
\BOOKMARK [2][-]{subsection.5.2}{\376\377\000D\000e\000s\000c\000r\000i\000z\000i\000o\000n\000e\000\040\000d\000e\000i\000\040\000r\000u\000o\000l\000i}{section.5}% 33
\BOOKMARK [3][-]{subsubsection.5.2.1}{\376\377\000R\000e\000s\000p\000o\000n\000s\000a\000b\000i\000l\000e}{subsection.5.2}% 34
\BOOKMARK [3][-]{subsubsection.5.2.2}{\376\377\000A\000m\000m\000i\000n\000i\000s\000t\000r\000a\000t\000o\000r\000e}{subsection.5.2}% 35
\BOOKMARK [3][-]{subsubsection.5.2.3}{\376\377\000A\000n\000a\000l\000i\000s\000t\000a}{subsection.5.2}% 36
\BOOKMARK [3][-]{subsubsection.5.2.4}{\376\377\000P\000r\000o\000g\000e\000t\000t\000i\000s\000t\000a}{subsection.5.2}% 37
\BOOKMARK [3][-]{subsubsection.5.2.5}{\376\377\000P\000r\000o\000g\000r\000a\000m\000m\000a\000t\000o\000r\000e}{subsection.5.2}% 38
\BOOKMARK [3][-]{subsubsection.5.2.6}{\376\377\000V\000e\000r\000i\000f\000i\000c\000a\000t\000o\000r\000e}{subsection.5.2}% 39
\BOOKMARK [2][-]{subsection.5.3}{\376\377\000S\000p\000r\000i\000n\000t\000\040\000p\000l\000a\000n\000n\000i\000n\000g\000G}{section.5}% 40
\BOOKMARK [1][-]{section.6}{\376\377\000A\000n\000a\000l\000i\000s\000i\000\040\000d\000e\000i\000\040\000R\000e\000q\000u\000i\000s\000i\000t\000i\000G\000\040\000\050\000A\000d\000R\000\051}{}% 41
\BOOKMARK [2][-]{subsection.6.1}{\376\377\000I\000d\000e\000n\000t\000i\000f\000i\000c\000a\000z\000i\000o\000n\000e\000\040\000i\000n\000i\000z\000i\000a\000l\000e\000\040\000d\000e\000i\000\040\000r\000e\000q\000u\000i\000s\000i\000t\000i}{section.6}% 42
\BOOKMARK [2][-]{subsection.6.2}{\376\377\000A\000n\000a\000l\000i\000s\000i\000\040\000i\000n\000d\000i\000v\000i\000d\000u\000a\000l\000e\000\040\000d\000e\000i\000\040\000c\000a\000s\000i\000\040\000d\000'\000u\000s\000o}{section.6}% 43
\BOOKMARK [2][-]{subsection.6.3}{\376\377\000R\000e\000v\000i\000s\000i\000o\000n\000e\000\040\000d\000e\000i\000\040\000c\000a\000s\000i\000\040\000d\000'\000u\000s\000o}{section.6}% 44
\BOOKMARK [2][-]{subsection.6.4}{\376\377\000D\000i\000s\000c\000u\000s\000s\000i\000o\000n\000e\000\040\000d\000e\000i\000\040\000c\000a\000s\000i\000\040\000d\040\031\000u\000s\000o\000\040\000c\000o\000n\000\040\000l\040\031\000a\000z\000i\000e\000n\000d\000a}{section.6}% 45
\BOOKMARK [2][-]{subsection.6.5}{\376\377\000A\000n\000a\000l\000i\000s\000i\000\040\000i\000n\000d\000i\000v\000i\000d\000u\000a\000l\000e\000\040\000d\000e\000i\000\040\000r\000e\000q\000u\000i\000s\000i\000t\000i}{section.6}% 46
\BOOKMARK [2][-]{subsection.6.6}{\376\377\000R\000e\000v\000i\000s\000i\000o\000n\000e\000\040\000d\000e\000i\000\040\000r\000e\000q\000u\000i\000s\000i\000t\000i}{section.6}% 47
\BOOKMARK [2][-]{subsection.6.7}{\376\377\000S\000c\000r\000i\000t\000t\000u\000r\000a\000\040\000d\000e\000l\000\040\000d\000o\000c\000u\000m\000e\000n\000t\000o\000\040\000d\000e\000f\000i\000n\000i\000t\000i\000v\000o}{section.6}% 48
\BOOKMARK [2][-]{subsection.6.8}{\376\377\000G\000i\000u\000d\000i\000z\000i\000o\000\040\000s\000u\000l\000l\000'\000a\000p\000p\000r\000o\000c\000c\000i\000o\000\040\000a\000d\000o\000t\000t\000a\000t\000o}{section.6}% 49
\BOOKMARK [1][-]{section.7}{\376\377\000P\000i\000a\000n\000o\000\040\000d\000i\000\040\000P\000r\000o\000g\000e\000t\000t\000o\000\040\000\050\000P\000d\000P\000\051}{}% 50
\BOOKMARK [2][-]{subsection.7.1}{\376\377\000A\000n\000a\000l\000i\000s\000i\000\040\000d\000e\000i\000\040\000r\000i\000s\000c\000h\000i}{section.7}% 51
\BOOKMARK [2][-]{subsection.7.2}{\376\377\000A\000p\000p\000r\000o\000c\000c\000i\000o\000\040\000a\000d\000o\000t\000t\000a\000t\000o\000,\000\040\000i\000d\000e\000n\000t\000i\000f\000i\000c\000a\000z\000i\000o\000n\000e\000\040\000d\000e\000i\000\040\000r\000u\000o\000l\000i\000\040\000e\000\040\000p\000i\000a\000n\000i\000f\000i\000c\000a\000z\000i\000o\000n\000e\000\040\000d\000e\000l\000l\000e\000\040\000a\000t\000t\000i\000v\000i\000t\000\340}{section.7}% 52
\BOOKMARK [2][-]{subsection.7.3}{\376\377\000R\000i\000a\000s\000s\000u\000n\000t\000o\000\040\000d\000i\000\040\000c\000i\000a\000s\000c\000u\000n\000o\000\040\000S\000p\000r\000i\000n\000t\000G}{section.7}% 53
\BOOKMARK [1][-]{section.8}{\376\377\000P\000i\000a\000n\000o\000\040\000d\000i\000\040\000Q\000u\000a\000l\000i\000f\000i\000c\000a\000\040\000\050\000P\000d\000Q\000\051}{}% 54
\BOOKMARK [2][-]{subsection.8.1}{\376\377\000S\000c\000o\000p\000o\000\040\000d\000e\000l\000\040\000d\000o\000c\000u\000m\000e\000n\000t\000o}{section.8}% 55
\BOOKMARK [2][-]{subsection.8.2}{\376\377\000C\000o\000n\000t\000e\000n\000u\000t\000o\000\040\000e\000\040\000S\000t\000r\000u\000t\000t\000u\000r\000a}{section.8}% 56
\BOOKMARK [2][-]{subsection.8.3}{\376\377\000M\000e\000t\000o\000d\000o\000l\000o\000g\000i\000a\000\040\000d\000i\000\040\000c\000a\000l\000c\000o\000l\000o\000\040\000d\000e\000l\000l\000'\000E\000a\000r\000n\000e\000d\000\040\000V\000a\000l\000u\000e\000\040\000\050\000E\000V\000\051}{section.8}% 57
\BOOKMARK [2][-]{subsection.8.4}{\376\377\000D\000e\000f\000i\000n\000i\000t\000i\000o\000n\000\040\000o\000f\000\040\000D\000o\000n\000e\000\040\000\050\000D\000o\000D\000\051}{section.8}% 58
\BOOKMARK [2][-]{subsection.8.5}{\376\377\000S\000t\000r\000u\000m\000e\000n\000t\000i\000\040\000e\000\040\000M\000e\000t\000r\000i\000c\000h\000e\000\040\000d\000i\000\040\000Q\000u\000a\000l\000i\000t\000\340\000\040\000A\000u\000t\000o\000m\000a\000t\000i\000z\000z\000a\000t\000e}{section.8}% 59
\BOOKMARK [3][-]{subsubsection.8.5.1}{\376\377\000Q\000u\000a\000l\000i\000t\000\340\000\040\000d\000e\000l\000l\000a\000\040\000D\000o\000c\000u\000m\000e\000n\000t\000a\000z\000i\000o\000n\000e}{subsection.8.5}% 60
\BOOKMARK [3][-]{subsubsection.8.5.2}{\376\377\000Q\000u\000a\000l\000i\000t\000\340\000\040\000d\000e\000l\000\040\000C\000o\000d\000i\000c\000e}{subsection.8.5}% 61
\BOOKMARK [3][-]{subsubsection.8.5.3}{\376\377\000V\000i\000s\000u\000a\000l\000i\000z\000z\000a\000z\000i\000o\000n\000e\000\040\000d\000e\000i\000\040\000R\000i\000s\000u\000l\000t\000a\000t\000i}{subsection.8.5}% 62
