\BOOKMARK [1][-]{section.1}{\376\377\000I\000n\000t\000r\000o\000d\000u\000z\000i\000o\000n\000e}{}% 1
\BOOKMARK [1][-]{section.2}{\376\377\000V\000a\000l\000u\000t\000a\000z\000i\000o\000n\000e\000\040\000d\000e\000l\000\040\000C\000a\000p\000i\000t\000o\000l\000a\000t\000o\000\040\000s\000e\000l\000e\000z\000i\000o\000n\000a\000t\000o}{}% 2
\BOOKMARK [2][-]{subsection.2.1}{\376\377\000C\0006\000:\000\040\000S\000e\000c\000o\000n\000d\000\040\000B\000r\000a\000i\000n}{section.2}% 3
\BOOKMARK [3][-]{subsubsection.2.1.1}{\376\377\000D\000e\000s\000c\000r\000i\000z\000i\000o\000n\000e}{subsection.2.1}% 4
\BOOKMARK [3][-]{subsubsection.2.1.2}{\376\377\000D\000o\000m\000i\000n\000i\000o}{subsection.2.1}% 5
\BOOKMARK [3][-]{subsubsection.2.1.3}{\376\377\000M\000o\000t\000i\000v\000a\000z\000i\000o\000n\000e\000\040\000d\000e\000l\000l\000a\000\040\000s\000c\000e\000l\000t\000a}{subsection.2.1}% 6
\BOOKMARK [3][-]{subsubsection.2.1.4}{\376\377\000C\000o\000n\000c\000l\000u\000s\000i\000o\000n\000i}{subsection.2.1}% 7
\BOOKMARK [1][-]{section.3}{\376\377\000V\000a\000l\000u\000t\000a\000z\000i\000o\000n\000e\000\040\000d\000e\000i\000\040\000C\000a\000p\000i\000t\000o\000l\000a\000t\000i\000\040\000p\000r\000e\000f\000e\000r\000i\000t\000i}{}% 8
\BOOKMARK [2][-]{subsection.3.1}{\376\377\000C\0003\000:\000\040\000D\000I\000P\000R\000e\000a\000d\000e\000r}{section.3}% 9
\BOOKMARK [3][-]{subsubsection.3.1.1}{\376\377\000D\000e\000s\000c\000r\000i\000z\000i\000o\000n\000e}{subsection.3.1}% 10
\BOOKMARK [3][-]{subsubsection.3.1.2}{\376\377\000D\000o\000m\000i\000n\000i\000o}{subsection.3.1}% 11
\BOOKMARK [3][-]{subsubsection.3.1.3}{\376\377\000C\000r\000i\000t\000i\000c\000i\000t\000\340\000\040\000r\000i\000s\000c\000o\000n\000t\000r\000a\000t\000e}{subsection.3.1}% 12
\BOOKMARK [3][-]{subsubsection.3.1.4}{\376\377\000C\000o\000n\000c\000l\000u\000s\000i\000o\000n\000i}{subsection.3.1}% 13
\BOOKMARK [2][-]{subsection.3.2}{\376\377\000C\0009\000:\000\040\000V\000i\000e\000w\0004\000L\000i\000f\000e}{section.3}% 14
\BOOKMARK [3][-]{subsubsection.3.2.1}{\376\377\000D\000e\000s\000c\000r\000i\000z\000i\000o\000n\000e}{subsection.3.2}% 15
\BOOKMARK [3][-]{subsubsection.3.2.2}{\376\377\000D\000o\000m\000i\000n\000i\000o}{subsection.3.2}% 16
\BOOKMARK [3][-]{subsubsection.3.2.3}{\376\377\000C\000r\000i\000t\000i\000c\000i\000t\000\340\000\040\000r\000i\000s\000c\000o\000n\000t\000r\000a\000t\000e}{subsection.3.2}% 17
\BOOKMARK [3][-]{subsubsection.3.2.4}{\376\377\000C\000o\000n\000c\000l\000u\000s\000i\000o\000n\000i}{subsection.3.2}% 18
\BOOKMARK [1][-]{section.4}{\376\377\000V\000a\000l\000u\000t\000a\000z\000i\000o\000n\000e\000\040\000d\000e\000g\000l\000i\000\040\000a\000l\000t\000r\000i\000\040\000C\000a\000p\000i\000t\000o\000l\000a\000t\000i}{}% 19
\BOOKMARK [2][-]{subsection.4.1}{\376\377\000C\0001\000:\000\040\000A\000u\000t\000o\000m\000a\000t\000e\000d\000\040\000E\000N\0001\0008\0000\0003\0001\000\040\000C\000o\000m\000p\000l\000i\000a\000n\000c\000e\000\040\000V\000e\000r\000i\000f\000i\000c\000a\000t\000i\000o\000n}{section.4}% 20
\BOOKMARK [3][-]{subsubsection.4.1.1}{\376\377\000D\000e\000s\000c\000r\000i\000z\000i\000o\000n\000e}{subsection.4.1}% 21
\BOOKMARK [3][-]{subsubsection.4.1.2}{\376\377\000P\000r\000o}{subsection.4.1}% 22
\BOOKMARK [3][-]{subsubsection.4.1.3}{\376\377\000C\000o\000n\000t\000r\000o}{subsection.4.1}% 23
\BOOKMARK [2][-]{subsection.4.2}{\376\377\000C\0002\000:\000\040\000C\000o\000d\000e\000\040\000G\000u\000a\000r\000d\000i\000a\000n}{section.4}% 24
\BOOKMARK [3][-]{subsubsection.4.2.1}{\376\377\000D\000e\000s\000c\000r\000i\000z\000i\000o\000n\000e}{subsection.4.2}% 25
\BOOKMARK [3][-]{subsubsection.4.2.2}{\376\377\000P\000r\000o}{subsection.4.2}% 26
\BOOKMARK [3][-]{subsubsection.4.2.3}{\376\377\000C\000o\000n\000t\000r\000o}{subsection.4.2}% 27
\BOOKMARK [2][-]{subsection.4.3}{\376\377\000C\0004\000:\000\040\000L\000'\000a\000p\000p\000\040\000c\000h\000e\000\040\000P\000r\000o\000t\000e\000g\000g\000e\000\040\000e\000\040\000T\000r\000a\000s\000f\000o\000r\000m\000a}{section.4}% 28
\BOOKMARK [3][-]{subsubsection.4.3.1}{\376\377\000D\000e\000s\000c\000r\000i\000z\000i\000o\000n\000e}{subsection.4.3}% 29
\BOOKMARK [3][-]{subsubsection.4.3.2}{\376\377\000P\000r\000o}{subsection.4.3}% 30
\BOOKMARK [3][-]{subsubsection.4.3.3}{\376\377\000C\000o\000n\000t\000r\000o}{subsection.4.3}% 31
\BOOKMARK [2][-]{subsection.4.4}{\376\377\000C\0005\000:\000\040\000N\000E\000X\000U\000M}{section.4}% 32
\BOOKMARK [3][-]{subsubsection.4.4.1}{\376\377\000D\000e\000s\000c\000r\000i\000z\000i\000o\000n\000e}{subsection.4.4}% 33
\BOOKMARK [3][-]{subsubsection.4.4.2}{\376\377\000P\000r\000o}{subsection.4.4}% 34
\BOOKMARK [3][-]{subsubsection.4.4.3}{\376\377\000C\000o\000n\000t\000r\000o}{subsection.4.4}% 35
\BOOKMARK [2][-]{subsection.4.5}{\376\377\000C\0007\000:\000\040\000S\000i\000s\000t\000e\000m\000a\000\040\000d\000i\000\040\000a\000c\000q\000u\000i\000s\000i\000z\000i\000o\000n\000e\000\040\000d\000a\000t\000i\000\040\000d\000a\000\040\000s\000e\000n\000s\000o\000r\000i}{section.4}% 36
\BOOKMARK [3][-]{subsubsection.4.5.1}{\376\377\000D\000e\000s\000c\000r\000i\000z\000i\000o\000n\000e}{subsection.4.5}% 37
\BOOKMARK [3][-]{subsubsection.4.5.2}{\376\377\000P\000r\000o}{subsection.4.5}% 38
\BOOKMARK [3][-]{subsubsection.4.5.3}{\376\377\000C\000o\000n\000t\000r\000o}{subsection.4.5}% 39
\BOOKMARK [2][-]{subsection.4.6}{\376\377\000C\0008\000:\000\040\000S\000m\000a\000r\000t\000\040\000O\000r\000d\000e\000r}{section.4}% 40
\BOOKMARK [3][-]{subsubsection.4.6.1}{\376\377\000D\000e\000s\000c\000r\000i\000z\000i\000o\000n\000e}{subsection.4.6}% 41
\BOOKMARK [3][-]{subsubsection.4.6.2}{\376\377\000P\000r\000o}{subsection.4.6}% 42
\BOOKMARK [3][-]{subsubsection.4.6.3}{\376\377\000C\000o\000n\000t\000r\000o}{subsection.4.6}% 43
