\BOOKMARK [1][-]{section.1}{\376\377\000I\000n\000t\000r\000o\000d\000u\000z\000i\000o\000n\000e}{}% 1
\BOOKMARK [2][-]{subsection.1.1}{\376\377\000S\000c\000o\000p\000o\000\040\000d\000e\000l\000\040\000d\000o\000c\000u\000m\000e\000n\000t\000o}{section.1}% 2
\BOOKMARK [2][-]{subsection.1.2}{\376\377\000G\000l\000o\000s\000s\000a\000r\000i\000o\000G}{section.1}% 3
\BOOKMARK [2][-]{subsection.1.3}{\376\377\000R\000i\000f\000e\000r\000i\000m\000e\000n\000t\000i}{section.1}% 4
\BOOKMARK [3][-]{subsubsection.1.3.1}{\376\377\000R\000i\000f\000e\000r\000i\000m\000e\000n\000t\000i\000\040\000n\000o\000r\000m\000a\000t\000i\000v\000i}{subsection.1.3}% 5
\BOOKMARK [3][-]{subsubsection.1.3.2}{\376\377\000R\000i\000f\000e\000r\000i\000m\000e\000n\000t\000i\000\040\000i\000n\000f\000o\000r\000m\000a\000t\000i\000v\000i}{subsection.1.3}% 6
\BOOKMARK [1][-]{section.2}{\376\377\000D\000e\000s\000c\000r\000i\000z\000i\000o\000n\000e\000\040\000d\000e\000l\000\040\000p\000r\000o\000g\000e\000t\000t\000o}{}% 7
\BOOKMARK [2][-]{subsection.2.1}{\376\377\000O\000b\000i\000e\000t\000t\000i\000v\000i\000\040\000d\000e\000l\000\040\000p\000r\000o\000d\000o\000t\000t\000o}{section.2}% 8
\BOOKMARK [2][-]{subsection.2.2}{\376\377\000F\000u\000n\000z\000i\000o\000n\000a\000l\000i\000t\000\340\000\040\000d\000e\000l\000\040\000p\000r\000o\000d\000o\000t\000t\000o}{section.2}% 9
\BOOKMARK [2][-]{subsection.2.3}{\376\377\000C\000a\000r\000a\000t\000t\000e\000r\000i\000s\000t\000i\000c\000h\000e\000\040\000d\000e\000l\000\040\000p\000r\000o\000d\000o\000t\000t\000o}{section.2}% 10
\BOOKMARK [2][-]{subsection.2.4}{\376\377\000U\000t\000e\000n\000t\000i}{section.2}% 11
\BOOKMARK [1][-]{section.3}{\376\377\000C\000a\000s\000i\000\040\000d\000'\000u\000s\000o}{}% 12
\BOOKMARK [2][-]{subsection.3.1}{\376\377\000I\000n\000t\000r\000o\000d\000u\000z\000i\000o\000n\000e}{section.3}% 13
\BOOKMARK [2][-]{subsection.3.2}{\376\377\000A\000t\000t\000o\000r\000i}{section.3}% 14
\BOOKMARK [2][-]{subsection.3.3}{\376\377\000M\000a\000c\000r\000o\000a\000r\000e\000a\000\040\0001\000\040\000-\000\040\000E\000d\000i\000t\000o\000r\000\040\000d\000i\000\040\000t\000e\000s\000t\000o\000G}{section.3}% 15
\BOOKMARK [3][-]{subsubsection.3.3.1}{\376\377\000U\000C\000-\0001\000.\0000\000\040\000-\000\040\000S\000c\000r\000i\000t\000t\000u\000r\000a\000\040\000n\000e\000l\000l\000'\000e\000d\000i\000t\000o\000r}{subsection.3.3}% 16
\BOOKMARK [3][-]{subsubsection.3.3.2}{\376\377\000U\000C\000-\0001\000.\0000\000.\0001\000\040\000-\000\040\000G\000e\000s\000t\000i\000o\000n\000e\000\040\000p\000e\000r\000d\000i\000t\000a\000\040\000d\000e\000l\000l\000a\000\040\000c\000o\000n\000n\000e\000s\000s\000i\000o\000n\000e\000\040\000I\000n\000t\000e\000r\000n\000e\000t}{subsection.3.3}% 17
\BOOKMARK [3][-]{subsubsection.3.3.3}{\376\377\000U\000C\000-\0001\000.\0000\000.\0002\000\040\000-\000\040\000G\000e\000s\000t\000i\000o\000n\000e\000\040\000e\000r\000r\000o\000r\000e\000\040\000d\000i\000\040\000r\000i\000s\000p\000o\000s\000t\000a\000\040\000d\000e\000l\000l\000'\000e\000d\000i\000t\000o\000r}{subsection.3.3}% 18
\BOOKMARK [3][-]{subsubsection.3.3.4}{\376\377\000U\000C\000-\0001\000.\0001\000\040\000-\000\040\000V\000i\000s\000u\000a\000l\000i\000z\000z\000a\000z\000i\000o\000n\000e\000\040\000a\000n\000t\000e\000p\000r\000i\000m\000a\000\040\000i\000n\000\040\000t\000e\000m\000p\000o\000\040\000r\000e\000a\000l\000e}{subsection.3.3}% 19
\BOOKMARK [3][-]{subsubsection.3.3.5}{\376\377\000U\000C\000-\0001\000.\0001\000.\0001\000\040\000-\000\040\000G\000e\000s\000t\000i\000o\000n\000e\000\040\000e\000r\000r\000o\000r\000e\000\040\000n\000e\000l\000l\000'\000a\000n\000t\000e\000p\000r\000i\000m\000a}{subsection.3.3}% 20
\BOOKMARK [3][-]{subsubsection.3.3.6}{\376\377\000U\000C\000-\0001\000.\0002\000\040\000-\000\040\000S\000e\000l\000e\000z\000i\000o\000n\000e\000\040\000d\000e\000l\000\040\000t\000e\000s\000t\000o}{subsection.3.3}% 21
\BOOKMARK [3][-]{subsubsection.3.3.7}{\376\377\000U\000C\000-\0001\000.\0003\000\040\000-\000\040\000C\000o\000p\000i\000a\000r\000e\000\040\000i\000l\000\040\000t\000e\000s\000t\000o}{subsection.3.3}% 22
\BOOKMARK [3][-]{subsubsection.3.3.8}{\376\377\000U\000C\000-\0001\000.\0004\000\040\000-\000\040\000I\000n\000c\000o\000l\000l\000a\000r\000e\000\040\000i\000l\000\040\000t\000e\000s\000t\000o}{subsection.3.3}% 23
\BOOKMARK [3][-]{subsubsection.3.3.9}{\376\377\000U\000C\000-\0001\000.\0005\000\040\000-\000\040\000T\000a\000g\000l\000i\000a\000r\000e\000\040\000i\000l\000\040\000t\000e\000s\000t\000o}{subsection.3.3}% 24
\BOOKMARK [3][-]{subsubsection.3.3.10}{\376\377\000U\000C\000-\0001\000.\0006\000\040\000-\000\040\000A\000n\000n\000u\000l\000l\000a\000m\000e\000n\000t\000o\000\040\000m\000o\000d\000i\000f\000i\000c\000a\000\040\000\050\000U\000n\000d\000o\000\051}{subsection.3.3}% 25
\BOOKMARK [3][-]{subsubsection.3.3.11}{\376\377\000U\000C\000-\0001\000.\0006\000.\0001\000\040\000-\000\040\000G\000e\000s\000t\000i\000o\000n\000e\000\040\000a\000s\000s\000e\000n\000z\000a\000\040\000d\000i\000\040\000m\000o\000d\000i\000f\000i\000c\000h\000e\000\040\000a\000n\000n\000u\000l\000l\000a\000b\000i\000l\000i}{subsection.3.3}% 26
\BOOKMARK [3][-]{subsubsection.3.3.12}{\376\377\000U\000C\000-\0001\000.\0007\000\040\000-\000\040\000R\000i\000p\000r\000i\000s\000t\000i\000n\000o\000\040\000m\000o\000d\000i\000f\000i\000c\000a\000\040\000\050\000R\000e\000d\000o\000\051}{subsection.3.3}% 27
\BOOKMARK [3][-]{subsubsection.3.3.13}{\376\377\000U\000C\000-\0001\000.\0007\000.\0001\000\040\000-\000\040\000E\000r\000r\000o\000r\000e\000\040\000p\000e\000r\000\040\000m\000o\000d\000i\000f\000i\000c\000h\000e\000\040\000n\000o\000n\000\040\000r\000i\000p\000r\000i\000s\000t\000i\000n\000a\000b\000i\000l\000i}{subsection.3.3}% 28
\BOOKMARK [3][-]{subsubsection.3.3.14}{\376\377\000U\000C\000-\0001\000.\0008\000.\0000\000\040\000-\000\040\000M\000o\000d\000i\000f\000i\000c\000a\000\040\000d\000e\000l\000\040\000t\000e\000s\000t\000o\000\040\000s\000e\000l\000e\000z\000i\000o\000n\000a\000t\000o\000\040\000t\000r\000a\000m\000i\000t\000e\000\040\000b\000a\000r\000r\000a\000\040\000d\000e\000g\000l\000i\000\040\000s\000t\000r\000u\000m\000e\000n\000t\000i}{subsection.3.3}% 29
\BOOKMARK [3][-]{subsubsection.3.3.15}{\376\377\000U\000C\000-\0001\000.\0008\000.\0000\000.\0001\000\040\000-\000\040\000E\000s\000t\000e\000n\000s\000i\000o\000n\000e\000\040\000f\000o\000r\000m\000a\000t\000t\000a\000z\000i\000o\000n\000e\000\040\000a\000\040\000t\000e\000s\000t\000o\000\040\000p\000a\000r\000z\000i\000a\000l\000m\000e\000n\000t\000e\000\040\000f\000o\000r\000m\000a\000t\000t\000a\000t\000o}{subsection.3.3}% 30
\BOOKMARK [3][-]{subsubsection.3.3.16}{\376\377\000U\000C\000-\0001\000.\0008\000.\0001\000\040\000-\000\040\000R\000i\000m\000o\000z\000i\000o\000n\000e\000\040\000f\000o\000r\000m\000a\000t\000t\000a\000z\000i\000o\000n\000e\000\040\000t\000r\000a\000m\000i\000t\000e\000\040\000t\000o\000o\000l\000b\000a\000r\000G}{subsection.3.3}% 31
\BOOKMARK [3][-]{subsubsection.3.3.17}{\376\377\000U\000C\000-\0001\000.\0008\000.\0002\000\040\000-\000\040\000A\000p\000p\000l\000i\000c\000a\000z\000i\000o\000n\000e\000\040\000g\000r\000a\000s\000s\000e\000t\000t\000o\000\040\000a\000l\000\040\000t\000e\000s\000t\000o\000\040\000s\000e\000l\000e\000z\000i\000o\000n\000a\000t\000o}{subsection.3.3}% 32
\BOOKMARK [3][-]{subsubsection.3.3.18}{\376\377\000U\000C\000-\0001\000.\0008\000.\0003\000\040\000-\000\040\000A\000p\000p\000l\000i\000c\000a\000z\000i\000o\000n\000e\000\040\000c\000o\000r\000s\000i\000v\000o\000\040\000a\000l\000\040\000t\000e\000s\000t\000o\000\040\000s\000e\000l\000e\000z\000i\000o\000n\000a\000t\000o}{subsection.3.3}% 33
\BOOKMARK [3][-]{subsubsection.3.3.19}{\376\377\000U\000C\000-\0001\000.\0008\000.\0004\000\040\000-\000\040\000A\000p\000p\000l\000i\000c\000a\000z\000i\000o\000n\000e\000\040\000s\000o\000t\000t\000o\000l\000i\000n\000e\000a\000t\000u\000r\000a\000\040\000a\000l\000\040\000t\000e\000s\000t\000o\000\040\000s\000e\000l\000e\000z\000i\000o\000n\000a\000t\000o}{subsection.3.3}% 34
\BOOKMARK [3][-]{subsubsection.3.3.20}{\376\377\000U\000C\000-\0001\000.\0008\000.\0005\000\040\000-\000\040\000A\000p\000p\000l\000i\000c\000a\000z\000i\000o\000n\000e\000\040\000i\000n\000t\000e\000s\000t\000a\000z\000i\000o\000n\000i\000\040\000a\000l\000\040\000t\000e\000s\000t\000o\000\040\000s\000e\000l\000e\000z\000i\000o\000n\000a\000t\000o}{subsection.3.3}% 35
\BOOKMARK [3][-]{subsubsection.3.3.21}{\376\377\000U\000C\000-\0001\000.\0008\000.\0006\000\040\000-\000\040\000I\000n\000s\000e\000r\000i\000m\000e\000n\000t\000o\000\040\000e\000l\000e\000m\000e\000n\000t\000i\000\040\000d\000i\000\040\000s\000t\000r\000u\000t\000t\000u\000r\000a}{subsection.3.3}% 36
\BOOKMARK [3][-]{subsubsection.3.3.22}{\376\377\000U\000C\000-\0001\000.\0008\000.\0007\000\040\000-\000\040\000I\000n\000s\000e\000r\000i\000m\000e\000n\000t\000o\000\040\000d\000i\000\040\000l\000i\000s\000t\000e\000\040\000e\000d\000\040\000e\000l\000e\000n\000c\000h\000i}{subsection.3.3}% 37
\BOOKMARK [3][-]{subsubsection.3.3.23}{\376\377\000U\000C\000-\0001\000.\0008\000.\0007\000.\0001\000\040\000-\000\040\000G\000e\000s\000t\000i\000o\000n\000e\000\040\000d\000i\000\040\000s\000o\000t\000t\000o\000-\000l\000i\000s\000t\000e}{subsection.3.3}% 38
\BOOKMARK [3][-]{subsubsection.3.3.24}{\376\377\000U\000C\000-\0001\000.\0008\000.\0008\000\040\000-\000\040\000I\000n\000s\000e\000r\000i\000m\000e\000n\000t\000o\000\040\000d\000i\000\040\000l\000i\000n\000k\000\040\000e\000\040\000r\000i\000f\000e\000r\000i\000m\000e\000n\000t\000i}{subsection.3.3}% 39
\BOOKMARK [3][-]{subsubsection.3.3.25}{\376\377\000U\000C\000-\0001\000.\0009\000\040\000-\000\040\000I\000m\000p\000o\000s\000t\000a\000r\000e\000\040\000f\000o\000r\000m\000a\000t\000t\000a\000z\000i\000o\000n\000i\000\040\000s\000e\000n\000z\000a\000\040\000t\000e\000s\000t\000o\000\040\000p\000r\000e\000s\000e\000n\000t\000e\000\040\000n\000e\000l\000l\000'\000e\000d\000i\000t\000o\000r}{subsection.3.3}% 40
\BOOKMARK [3][-]{subsubsection.3.3.26}{\376\377\000U\000C\000-\0001\000.\0009\000.\0001\000\040\000-\000\040\000I\000m\000p\000o\000s\000t\000a\000r\000e\000\040\000g\000r\000a\000s\000s\000e\000t\000t\000o\000\040\000a\000l\000\040\000t\000e\000s\000t\000o\000\040\000f\000u\000t\000u\000r\000o}{subsection.3.3}% 41
\BOOKMARK [3][-]{subsubsection.3.3.27}{\376\377\000U\000C\000-\0001\000.\0009\000.\0002\000\040\000-\000\040\000I\000m\000p\000o\000s\000t\000a\000r\000e\000\040\000c\000o\000r\000s\000i\000v\000o\000\040\000a\000l\000\040\000t\000e\000s\000t\000o\000\040\000f\000u\000t\000u\000r\000o}{subsection.3.3}% 42
\BOOKMARK [3][-]{subsubsection.3.3.28}{\376\377\000U\000C\000-\0001\000.\0009\000.\0003\000\040\000-\000\040\000I\000m\000p\000o\000s\000t\000a\000r\000e\000\040\000s\000o\000t\000t\000o\000l\000i\000n\000e\000a\000t\000u\000r\000a\000\040\000a\000l\000\040\000t\000e\000s\000t\000o\000\040\000f\000u\000t\000u\000r\000o}{subsection.3.3}% 43
\BOOKMARK [3][-]{subsubsection.3.3.29}{\376\377\000U\000C\000-\0001\000.\0009\000.\0004\000\040\000-\000\040\000I\000m\000p\000o\000s\000t\000a\000r\000e\000\040\000i\000n\000t\000e\000s\000t\000a\000z\000i\000o\000n\000i}{subsection.3.3}% 44
\BOOKMARK [3][-]{subsubsection.3.3.30}{\376\377\000U\000C\000-\0001\000.\0009\000.\0005\000\040\000-\000\040\000I\000m\000p\000o\000s\000t\000a\000r\000e\000\040\000s\000t\000r\000u\000t\000t\000u\000r\000a\000\040\000a\000l\000\040\000d\000o\000c\000u\000m\000e\000n\000t\000o}{subsection.3.3}% 45
\BOOKMARK [3][-]{subsubsection.3.3.31}{\376\377\000U\000C\000-\0001\000.\0009\000.\0006\000\040\000-\000\040\000I\000m\000p\000o\000s\000t\000a\000r\000e\000\040\000l\000i\000s\000t\000e\000\040\000e\000d\000\040\000e\000l\000e\000n\000c\000h\000i}{subsection.3.3}% 46
\BOOKMARK [3][-]{subsubsection.3.3.32}{\376\377\000U\000C\000-\0001\000.\0009\000.\0007\000\040\000-\000\040\000I\000m\000p\000o\000s\000t\000a\000r\000e\000\040\000l\000i\000n\000k\000\040\000e\000\040\000r\000i\000f\000e\000r\000i\000m\000e\000n\000t\000i}{subsection.3.3}% 47
\BOOKMARK [3][-]{subsubsection.3.3.33}{\376\377\000U\000C\000-\0001\000.\0001\0000\000\040\000-\000\040\000G\000e\000s\000t\000i\000o\000n\000e\000\040\000m\000o\000d\000a\000l\000i\000t\000\340\000\040\000d\000i\000\040\000v\000i\000s\000u\000a\000l\000i\000z\000z\000a\000z\000i\000o\000n\000e}{subsection.3.3}% 48
\BOOKMARK [3][-]{subsubsection.3.3.34}{\376\377\000U\000C\000-\0001\000.\0001\0000\000.\0001\000\040\000-\000\040\000M\000o\000d\000a\000l\000i\000t\000\340\000\040\000d\000i\000\040\000v\000i\000s\000u\000a\000l\000i\000z\000z\000a\000z\000i\000o\000n\000e\000\040\000s\000o\000l\000o\000\040\000e\000d\000i\000t\000o\000r}{subsection.3.3}% 49
\BOOKMARK [3][-]{subsubsection.3.3.35}{\376\377\000U\000C\000-\0001\000.\0001\0000\000.\0002\000\040\000-\000\040\000M\000o\000d\000a\000l\000i\000t\000\340\000\040\000d\000i\000\040\000v\000i\000s\000u\000a\000l\000i\000z\000z\000a\000z\000i\000o\000n\000e\000\040\000s\000o\000l\000o\000\040\000d\000o\000c\000u\000m\000e\000n\000t\000o\000\040\000f\000o\000r\000m\000a\000t\000t\000a\000t\000o}{subsection.3.3}% 50
\BOOKMARK [3][-]{subsubsection.3.3.36}{\376\377\000U\000C\000-\0001\000.\0001\0000\000.\0003\000\040\000-\000\040\000M\000o\000d\000a\000l\000i\000t\000\340\000\040\000d\000i\000\040\000v\000i\000s\000u\000a\000l\000i\000z\000z\000a\000z\000i\000o\000n\000e\000\040\000s\000p\000l\000i\000t\000\040\000v\000i\000e\000w}{subsection.3.3}% 51
\BOOKMARK [3][-]{subsubsection.3.3.37}{\376\377\000U\000C\000-\0001\000.\0001\0001\000\040\000-\000\040\000R\000i\000c\000e\000r\000c\000a\000\040\000d\000i\000\040\000c\000a\000r\000a\000t\000t\000e\000r\000i\000\040\000n\000e\000l\000\040\000t\000e\000s\000t\000o}{subsection.3.3}% 52
\BOOKMARK [3][-]{subsubsection.3.3.38}{\376\377\000U\000C\000-\0001\000.\0001\0001\000.\0001\000\040\000-\000\040\000G\000e\000s\000t\000i\000o\000n\000e\000\040\000a\000s\000s\000e\000n\000z\000a\000\040\000d\000i\000\040\000o\000c\000c\000o\000r\000r\000e\000n\000z\000e}{subsection.3.3}% 53
\BOOKMARK [2][-]{subsection.3.4}{\376\377\000M\000a\000c\000r\000o\000a\000r\000e\000a\000\040\0002\000\040\000-\000\040\000F\000u\000n\000z\000i\000o\000n\000a\000l\000i\000t\000\340\000\040\000A\000I}{section.3}% 54
\BOOKMARK [3][-]{subsubsection.3.4.1}{\376\377\000U\000C\000-\0002\000.\0000\000\040\000-\000\040\000V\000i\000s\000u\000a\000l\000i\000z\000z\000a\000z\000i\000o\000n\000e\000\040\000s\000t\000o\000r\000i\000c\000o\000\040\000g\000e\000n\000e\000r\000a\000z\000i\000o\000n\000i\000\040\000A\000I}{subsection.3.4}% 55
\BOOKMARK [3][-]{subsubsection.3.4.2}{\376\377\000U\000C\000-\0002\000.\0000\000.\0001\000\040\000-\000\040\000V\000i\000s\000u\000a\000l\000i\000z\000z\000a\000z\000i\000o\000n\000e\000\040\000s\000t\000o\000r\000i\000c\000o\000\040\000g\000e\000n\000e\000r\000a\000z\000i\000o\000n\000i\000\040\000v\000u\000o\000t\000o}{subsection.3.4}% 56
\BOOKMARK [3][-]{subsubsection.3.4.3}{\376\377\000U\000C\000-\0002\000.\0000\000.\0002\000\040\000-\000\040\000V\000i\000s\000u\000a\000l\000i\000z\000z\000a\000z\000i\000o\000n\000e\000\040\000t\000i\000t\000o\000l\000o\000\040\000g\000e\000n\000e\000r\000a\000z\000i\000o\000n\000e}{subsection.3.4}% 57
\BOOKMARK [3][-]{subsubsection.3.4.4}{\376\377\000U\000C\000-\0002\000.\0000\000.\0003\000\040\000-\000\040\000V\000i\000s\000u\000a\000l\000i\000z\000z\000a\000z\000i\000o\000n\000e\000\040\000t\000e\000s\000t\000o\000\040\000g\000e\000n\000e\000r\000a\000t\000o}{subsection.3.4}% 58
\BOOKMARK [3][-]{subsubsection.3.4.5}{\376\377\000U\000C\000-\0002\000.\0000\000.\0004\000\040\000-\000\040\000E\000l\000i\000m\000i\000n\000a\000z\000i\000o\000n\000e\000\040\000d\000i\000\040\000u\000n\000a\000\040\000g\000e\000n\000e\000r\000a\000z\000i\000o\000n\000e\000\040\000d\000a\000l\000l\000o\000\040\000s\000t\000o\000r\000i\000c\000o\000\040\000g\000e\000n\000e\000r\000a\000z\000i\000o\000n\000i\000\040\000A\000I}{subsection.3.4}% 59
\BOOKMARK [3][-]{subsubsection.3.4.6}{\376\377\000U\000C\000-\0002\000.\0000\000.\0005\000\040\000-\000\040\000V\000i\000s\000u\000a\000l\000i\000z\000z\000a\000z\000i\000o\000n\000e\000\040\000s\000t\000o\000r\000i\000c\000o\000\040\000g\000e\000n\000e\000r\000a\000z\000i\000o\000n\000i\000\040\000A\000I\000\040\000p\000e\000r\000\040\000u\000t\000e\000n\000t\000e\000\040\000r\000e\000g\000i\000s\000t\000r\000a\000t\000o}{subsection.3.4}% 60
\BOOKMARK [3][-]{subsubsection.3.4.7}{\376\377\000U\000C\000-\0002\000.\0001\000\040\000-\000\040\000I\000n\000t\000e\000r\000a\000z\000i\000o\000n\000e\000\040\000c\000o\000n\000\040\000i\000\040\000t\000e\000s\000t\000i\000\040\000g\000e\000n\000e\000r\000a\000t\000i\000\040\000d\000a\000l\000l\040\031\000A\000I}{subsection.3.4}% 61
\BOOKMARK [3][-]{subsubsection.3.4.8}{\376\377\000U\000C\000-\0002\000.\0001\000.\0001\000\040\000-\000\040\000C\000o\000n\000f\000e\000r\000m\000a\000\040\000d\000e\000l\000\040\000t\000e\000s\000t\000o\000\040\000g\000e\000n\000e\000r\000a\000t\000o\000\040\000d\000a\000l\000l\000'\000A\000I}{subsection.3.4}% 62
\BOOKMARK [3][-]{subsubsection.3.4.9}{\376\377\000U\000C\000-\0002\000.\0001\000.\0002\000\040\000-\000\040\000E\000l\000i\000m\000i\000n\000a\000z\000i\000o\000n\000e\000\040\000d\000e\000l\000\040\000t\000e\000s\000t\000o\000\040\000g\000e\000n\000e\000r\000a\000t\000o}{subsection.3.4}% 63
\BOOKMARK [3][-]{subsubsection.3.4.10}{\376\377\000U\000C\000-\0002\000.\0001\000.\0003\000\040\000-\000\040\000R\000i\000g\000e\000n\000e\000r\000a\000z\000i\000o\000n\000e\000\040\000t\000e\000s\000t\000o\000\040\000g\000e\000n\000e\000r\000a\000t\000o}{subsection.3.4}% 64
\BOOKMARK [3][-]{subsubsection.3.4.11}{\376\377\000U\000C\000-\0002\000.\0001\000.\0004\000\040\000-\000\040\000E\000r\000r\000o\000r\000e\000\040\000d\000a\000l\000\040\000L\000L\000M}{subsection.3.4}% 65
\BOOKMARK [3][-]{subsubsection.3.4.12}{\376\377\000U\000C\000-\0002\000.\0001\000.\0005\000\040\000-\000\040\000A\000n\000n\000u\000l\000l\000a\000m\000e\000n\000t\000o\000\040\000d\000e\000l\000l\040\031\000o\000p\000e\000r\000a\000z\000i\000o\000n\000e\000\040\000A\000I}{subsection.3.4}% 66
\BOOKMARK [3][-]{subsubsection.3.4.13}{\376\377\000U\000C\000-\0002\000.\0002\000\040\000-\000\040\000R\000i\000a\000s\000s\000u\000n\000t\000o\000\040\000d\000e\000l\000\040\000t\000e\000s\000t\000o}{subsection.3.4}% 67
\BOOKMARK [3][-]{subsubsection.3.4.14}{\376\377\000U\000C\000-\0002\000.\0003\000\040\000-\000\040\000R\000i\000s\000c\000r\000i\000t\000t\000u\000r\000a\000\040\000d\000e\000l\000\040\000t\000e\000s\000t\000o}{subsection.3.4}% 68
\BOOKMARK [3][-]{subsubsection.3.4.15}{\376\377\000U\000C\000-\0002\000.\0004\000\040\000-\000\040\000T\000r\000a\000d\000u\000z\000i\000o\000n\000e\000\040\000d\000e\000l\000\040\000t\000e\000s\000t\000o}{subsection.3.4}% 69
\BOOKMARK [3][-]{subsubsection.3.4.16}{\376\377\000U\000C\000-\0002\000.\0004\000.\0001\000\040\000-\000\040\000G\000e\000s\000t\000i\000o\000n\000e\000\040\000m\000a\000n\000c\000a\000t\000a\000\040\000s\000e\000l\000e\000z\000i\000o\000n\000e\000\040\000d\000e\000l\000l\000a\000\040\000l\000i\000n\000g\000u\000a\000\040\000d\000i\000\040\000d\000e\000s\000t\000i\000n\000a\000z\000i\000o\000n\000e}{subsection.3.4}% 70
\BOOKMARK [3][-]{subsubsection.3.4.17}{\376\377\000U\000C\000-\0002\000.\0004\000.\0002\000\040\000-\000\040\000T\000r\000a\000d\000u\000z\000i\000o\000n\000e\000\040\000d\000e\000l\000\040\000t\000e\000s\000t\000o\000\040\000i\000n\000\040\000i\000n\000g\000l\000e\000s\000e}{subsection.3.4}% 71
\BOOKMARK [3][-]{subsubsection.3.4.18}{\376\377\000U\000C\000-\0002\000.\0004\000.\0003\000\040\000-\000\040\000T\000r\000a\000d\000u\000z\000i\000o\000n\000e\000\040\000d\000e\000l\000\040\000t\000e\000s\000t\000o\000\040\000i\000n\000\040\000S\000p\000a\000g\000n\000o\000l\000o}{subsection.3.4}% 72
\BOOKMARK [3][-]{subsubsection.3.4.19}{\376\377\000U\000C\000-\0002\000.\0004\000.\0004\000\040\000-\000\040\000T\000r\000a\000d\000u\000z\000i\000o\000n\000e\000\040\000d\000e\000l\000\040\000t\000e\000s\000t\000o\000\040\000i\000n\000\040\000F\000r\000a\000n\000c\000e\000s\000e}{subsection.3.4}% 73
\BOOKMARK [3][-]{subsubsection.3.4.20}{\376\377\000U\000C\000-\0002\000.\0004\000.\0005\000\040\000-\000\040\000T\000r\000a\000d\000u\000z\000i\000o\000n\000e\000\040\000d\000e\000l\000\040\000t\000e\000s\000t\000o\000\040\000i\000n\000\040\000T\000e\000d\000e\000s\000c\000o}{subsection.3.4}% 74
\BOOKMARK [3][-]{subsubsection.3.4.21}{\376\377\000U\000C\000-\0002\000.\0004\000.\0006\000\040\000-\000\040\000T\000r\000a\000d\000u\000z\000i\000o\000n\000e\000\040\000d\000e\000l\000\040\000t\000e\000s\000t\000o\000\040\000i\000n\000\040\000C\000i\000n\000e\000s\000e\000\040\000M\000a\000n\000d\000a\000r\000i\000n\000o}{subsection.3.4}% 75
\BOOKMARK [3][-]{subsubsection.3.4.22}{\376\377\000U\000C\000-\0002\000.\0004\000.\0007\000\040\000-\000\040\000T\000r\000a\000d\000u\000z\000i\000o\000n\000e\000\040\000d\000e\000l\000\040\000t\000e\000s\000t\000o\000\040\000i\000n\000\040\000I\000t\000a\000l\000i\000a\000n\000o}{subsection.3.4}% 76
\BOOKMARK [3][-]{subsubsection.3.4.23}{\376\377\000U\000C\000-\0002\000.\0005\000\040\000-\000\040\000C\000o\000r\000r\000e\000z\000i\000o\000n\000e\000\040\000g\000r\000a\000m\000m\000a\000t\000i\000c\000a\000l\000e}{subsection.3.4}% 77
\BOOKMARK [3][-]{subsubsection.3.4.24}{\376\377\000U\000C\000-\0002\000.\0005\000.\0001\000\040\000-\000\040\000N\000e\000s\000s\000u\000n\000\040\000e\000r\000r\000o\000r\000e\000\040\000g\000r\000a\000m\000m\000a\000t\000i\000c\000a\000l\000e\000\040\000r\000i\000l\000e\000v\000a\000t\000o}{subsection.3.4}% 78
\BOOKMARK [3][-]{subsubsection.3.4.25}{\376\377\000U\000C\000-\0002\000.\0006\000\040\000-\000\040\000C\000r\000i\000t\000i\000c\000a\000\040\000t\000e\000s\000t\000u\000a\000l\000e\000\040\000c\000o\000n\000\040\000i\000\040\0006\000\040\000C\000a\000p\000p\000e\000l\000l\000i\000\040\000d\000i\000\040\000D\000e\000\040\000B\000o\000n\000o}{subsection.3.4}% 79
\BOOKMARK [3][-]{subsubsection.3.4.26}{\376\377\000U\000C\000-\0002\000.\0006\000.\0001\000\040\000-\000\040\000G\000e\000s\000t\000i\000o\000n\000e\000\040\000t\000e\000s\000t\000o\000\040\000i\000n\000s\000u\000f\000f\000i\000c\000i\000e\000n\000t\000e\000\040\000p\000e\000r\000\040\000a\000n\000a\000l\000i\000s\000i\000\040\000c\000r\000i\000t\000i\000c\000a}{subsection.3.4}% 80
\BOOKMARK [3][-]{subsubsection.3.4.27}{\376\377\000U\000C\000-\0002\000.\0006\000.\0002\000\040\000-\000\040\000G\000e\000s\000t\000i\000o\000n\000e\000\040\000m\000a\000n\000c\000a\000t\000a\000\040\000s\000e\000l\000e\000z\000i\000o\000n\000e\000\040\000d\000e\000l\000l\000a\000\040\000m\000o\000d\000a\000l\000i\000t\000\340\000\040\000d\000i\000\040\000a\000n\000a\000l\000i\000s\000i}{subsection.3.4}% 81
\BOOKMARK [3][-]{subsubsection.3.4.28}{\376\377\000U\000C\000-\0002\000.\0006\000.\0003\000\040\000-\000\040\000C\000r\000i\000t\000i\000c\000a\000\040\000t\000e\000s\000t\000u\000a\000l\000e\000\040\000c\000o\000n\000\040\000i\000l\000\040\000C\000a\000p\000p\000e\000l\000l\000o\000\040\000B\000i\000a\000n\000c\000o}{subsection.3.4}% 82
\BOOKMARK [3][-]{subsubsection.3.4.29}{\376\377\000U\000C\000-\0002\000.\0006\000.\0004\000\040\000-\000\040\000C\000r\000i\000t\000i\000c\000a\000\040\000t\000e\000s\000t\000u\000a\000l\000e\000\040\000c\000o\000n\000\040\000i\000l\000\040\000C\000a\000p\000p\000e\000l\000l\000o\000\040\000R\000o\000s\000s\000o}{subsection.3.4}% 83
\BOOKMARK [3][-]{subsubsection.3.4.30}{\376\377\000U\000C\000-\0002\000.\0006\000.\0005\000\040\000-\000\040\000C\000r\000i\000t\000i\000c\000a\000\040\000t\000e\000s\000t\000u\000a\000l\000e\000\040\000c\000o\000n\000\040\000i\000l\000\040\000C\000a\000p\000p\000e\000l\000l\000o\000\040\000N\000e\000r\000o}{subsection.3.4}% 84
\BOOKMARK [3][-]{subsubsection.3.4.31}{\376\377\000U\000C\000-\0002\000.\0006\000.\0006\000\040\000-\000\040\000C\000r\000i\000t\000i\000c\000a\000\040\000t\000e\000s\000t\000u\000a\000l\000e\000\040\000c\000o\000n\000\040\000i\000l\000\040\000C\000a\000p\000p\000e\000l\000l\000o\000\040\000G\000i\000a\000l\000l\000o}{subsection.3.4}% 85
\BOOKMARK [3][-]{subsubsection.3.4.32}{\376\377\000U\000C\000-\0002\000.\0006\000.\0007\000\040\000-\000\040\000C\000r\000i\000t\000i\000c\000a\000\040\000t\000e\000s\000t\000u\000a\000l\000e\000\040\000c\000o\000n\000\040\000i\000l\000\040\000C\000a\000p\000p\000e\000l\000l\000o\000\040\000V\000e\000r\000d\000e}{subsection.3.4}% 86
\BOOKMARK [3][-]{subsubsection.3.4.33}{\376\377\000U\000C\000-\0002\000.\0006\000.\0008\000\040\000-\000\040\000C\000r\000i\000t\000i\000c\000a\000\040\000t\000e\000s\000t\000u\000a\000l\000e\000\040\000c\000o\000n\000\040\000i\000l\000\040\000C\000a\000p\000p\000e\000l\000l\000o\000\040\000B\000l\000u}{subsection.3.4}% 87
\BOOKMARK [3][-]{subsubsection.3.4.34}{\376\377\000U\000C\000-\0002\000.\0007\000\040\000-\000\040\000G\000e\000n\000e\000r\000a\000z\000i\000o\000n\000e\000\040\000d\000i\000\040\000t\000e\000s\000t\000o\000\040\000\050\000D\000i\000s\000t\000a\000n\000t\000\040\000W\000r\000i\000t\000i\000n\000g\000G\000\051}{subsection.3.4}% 88
\BOOKMARK [3][-]{subsubsection.3.4.35}{\376\377\000U\000C\000-\0002\000.\0007\000.\0001\000\040\000-\000\040\000G\000e\000s\000t\000i\000o\000n\000e\000\040\000p\000r\000o\000m\000p\000t\000\040\000i\000n\000c\000o\000m\000p\000l\000e\000t\000o}{subsection.3.4}% 89
\BOOKMARK [3][-]{subsubsection.3.4.36}{\376\377\000U\000C\000-\0002\000.\0008\000\040\000-\000\040\000G\000e\000n\000e\000r\000a\000z\000i\000o\000n\000e\000\040\000d\000i\000\040\000g\000r\000a\000f\000i\000c\000i\000\040\000e\000\040\000t\000a\000b\000e\000l\000l\000e}{subsection.3.4}% 90
\BOOKMARK [3][-]{subsubsection.3.4.37}{\376\377\000U\000C\000-\0002\000.\0008\000.\0001\000\040\000-\000\040\000G\000e\000s\000t\000i\000r\000e\000\040\000d\000a\000t\000i\000\040\000i\000n\000s\000u\000f\000f\000i\000c\000i\000e\000n\000t\000i\000\040\000p\000e\000r\000\040\000l\000a\000\040\000v\000i\000s\000u\000a\000l\000i\000z\000z\000a\000z\000i\000o\000n\000e\000\040\000d\000i\000\040\000g\000r\000a\000f\000i\000c\000i\000\040\000e\000\040\000t\000a\000b\000e\000l\000l\000e}{subsection.3.4}% 91
\BOOKMARK [3][-]{subsubsection.3.4.38}{\376\377\000U\000C\000-\0002\000.\0009\000\040\000-\000\040\000G\000e\000n\000e\000r\000a\000z\000i\000o\000n\000e\000\040\000d\000i\000\040\000m\000a\000p\000p\000e\000\040\000c\000o\000n\000c\000e\000t\000t\000u\000a\000l\000i}{subsection.3.4}% 92
\BOOKMARK [3][-]{subsubsection.3.4.39}{\376\377\000U\000C\000-\0002\000.\0009\000.\0001\000\040\000-\000\040\000G\000e\000s\000t\000i\000o\000n\000e\000\040\000e\000r\000r\000o\000r\000i\000\040\000d\000i\000\040\000v\000i\000s\000u\000a\000l\000i\000z\000z\000a\000z\000i\000o\000n\000e\000\040\000d\000e\000l\000l\000e\000\040\000m\000a\000p\000p\000e\000\040\000c\000o\000n\000c\000e\000t\000t\000u\000a\000l\000i\000\040\000g\000e\000n\000e\000r\000a\000t\000e}{subsection.3.4}% 93
\BOOKMARK [3][-]{subsubsection.3.4.40}{\376\377\000U\000C\000-\0002\000.\0001\0000\000\040\000-\000\040\000G\000e\000n\000e\000r\000a\000z\000i\000o\000n\000e\000\040\000d\000i\000\040\000f\000o\000r\000m\000u\000l\000e\000\040\000m\000a\000t\000e\000m\000a\000t\000i\000c\000h\000e}{subsection.3.4}% 94
\BOOKMARK [3][-]{subsubsection.3.4.41}{\376\377\000U\000C\000-\0002\000.\0001\0000\000.\0001\000\040\000-\000\040\000G\000e\000s\000t\000i\000r\000e\000\040\000s\000i\000m\000b\000o\000l\000i\000\040\000n\000o\000n\000\040\000s\000u\000p\000p\000o\000r\000t\000a\000t\000i}{subsection.3.4}% 95
\BOOKMARK [2][-]{subsection.3.5}{\376\377\000M\000a\000c\000r\000o\000a\000r\000e\000a\000\040\0003\000\040\000-\000\040\000P\000e\000r\000s\000i\000s\000t\000e\000n\000z\000a\000:\000\040\000C\000a\000r\000i\000c\000a\000m\000e\000n\000t\000o}{section.3}% 96
\BOOKMARK [3][-]{subsubsection.3.5.1}{\376\377\000U\000C\000-\0003\000.\0000\000\040\000-\000\040\000C\000a\000r\000i\000c\000a\000m\000e\000n\000t\000o\000\040\000f\000i\000l\000e}{subsection.3.5}% 97
\BOOKMARK [3][-]{subsubsection.3.5.2}{\376\377\000U\000C\000-\0003\000.\0000\000.\0001\000\040\000-\000\040\000C\000a\000r\000i\000c\000a\000m\000e\000n\000t\000o\000\040\000f\000i\000l\000e\000\040\000M\000a\000r\000k\000d\000o\000w\000n\000G}{subsection.3.5}% 98
\BOOKMARK [3][-]{subsubsection.3.5.3}{\376\377\000U\000C\000-\0003\000.\0000\000.\0002\000\040\000-\000\040\000C\000a\000r\000i\000c\000a\000m\000e\000n\000t\000o\000\040\000f\000i\000l\000e\000\040\000d\000i\000\040\000t\000e\000s\000t\000o}{subsection.3.5}% 99
\BOOKMARK [3][-]{subsubsection.3.5.4}{\376\377\000U\000C\000-\0003\000.\0000\000.\0003\000\040\000-\000\040\000C\000a\000r\000i\000c\000a\000m\000e\000n\000t\000o\000\040\000t\000r\000a\000m\000i\000t\000e\000\040\000t\000r\000a\000s\000c\000i\000n\000a\000m\000e\000n\000t\000o\000\040\000\050\000d\000r\000a\000g\000-\000a\000n\000d\000-\000d\000r\000o\000p\000\051}{subsection.3.5}% 100
\BOOKMARK [3][-]{subsubsection.3.5.5}{\376\377\000U\000C\000-\0003\000.\0000\000.\0004\000\040\000-\000\040\000C\000a\000r\000i\000c\000a\000m\000e\000n\000t\000o\000\040\000t\000r\000a\000m\000i\000t\000e\000\040\000d\000i\000a\000l\000o\000g\000o\000\040\000d\000i\000\040\000e\000s\000p\000l\000o\000r\000a\000z\000i\000o\000n\000e\000\040\000f\000i\000l\000e\000\040\000\050\000f\000i\000l\000e\000\040\000p\000i\000c\000k\000e\000r\000\051}{subsection.3.5}% 101
\BOOKMARK [3][-]{subsubsection.3.5.6}{\376\377\000U\000C\000-\0003\000.\0001\000\040\000-\000\040\000G\000e\000s\000t\000i\000o\000n\000e\000\040\000f\000o\000r\000m\000a\000t\000i\000\040\000f\000i\000l\000e\000\040\000n\000o\000n\000\040\000s\000u\000p\000p\000o\000r\000t\000a\000t\000i}{subsection.3.5}% 102
\BOOKMARK [3][-]{subsubsection.3.5.7}{\376\377\000U\000C\000-\0003\000.\0002\000\040\000-\000\040\000G\000e\000s\000t\000i\000o\000n\000e\000\040\000f\000i\000l\000e\000\040\000t\000r\000o\000p\000p\000o\000\040\000g\000r\000a\000n\000d\000i}{subsection.3.5}% 103
\BOOKMARK [3][-]{subsubsection.3.5.8}{\376\377\000U\000C\000-\0003\000.\0003\000\040\000-\000\040\000R\000i\000m\000o\000z\000i\000o\000n\000e\000\040\000f\000i\000l\000e\000\040\000c\000a\000r\000i\000c\000a\000t\000o}{subsection.3.5}% 104
\BOOKMARK [3][-]{subsubsection.3.5.9}{\376\377\000U\000C\000-\0003\000.\0003\000.\0001\000\040\000-\000\040\000A\000n\000n\000u\000l\000l\000a\000m\000e\000n\000t\000o\000\040\000r\000i\000m\000o\000z\000i\000o\000n\000e\000\040\000f\000i\000l\000e\000\040\000c\000a\000r\000i\000c\000a\000t\000o}{subsection.3.5}% 105
\BOOKMARK [2][-]{subsection.3.6}{\376\377\000M\000a\000c\000r\000o\000a\000r\000e\000a\000\040\0004\000\040\000-\000\040\000P\000e\000r\000s\000i\000s\000t\000e\000n\000z\000a\000:\000\040\000S\000a\000l\000v\000a\000t\000a\000g\000g\000i\000o}{section.3}% 106
\BOOKMARK [3][-]{subsubsection.3.6.1}{\376\377\000U\000C\000-\0004\000.\0000\000\040\000-\000\040\000E\000s\000p\000o\000r\000t\000a\000z\000i\000o\000n\000e\000\040\000d\000i\000\040\000u\000n\000\040\000f\000i\000l\000e}{subsection.3.6}% 107
\BOOKMARK [3][-]{subsubsection.3.6.2}{\376\377\000U\000C\000-\0004\000.\0000\000.\0001\000\040\000-\000\040\000E\000s\000p\000o\000r\000t\000a\000r\000e\000\040\000u\000n\000\040\000f\000i\000l\000e\000\040\000i\000n\000\040\000P\000D\000F}{subsection.3.6}% 108
\BOOKMARK [3][-]{subsubsection.3.6.3}{\376\377\000U\000C\000-\0004\000.\0000\000.\0002\000\040\000-\000\040\000E\000s\000p\000o\000r\000t\000a\000r\000e\000\040\000u\000n\000\040\000f\000i\000l\000e\000\040\000i\000n\000\040\000M\000D}{subsection.3.6}% 109
\BOOKMARK [3][-]{subsubsection.3.6.4}{\376\377\000U\000C\000-\0004\000.\0000\000.\0003\000\040\000-\000\040\000E\000s\000p\000o\000r\000t\000a\000r\000e\000\040\000u\000n\000\040\000f\000i\000l\000e\000\040\000i\000n\000\040\000f\000o\000r\000m\000a\000t\000o\000\040\000H\000T\000M\000L}{subsection.3.6}% 110
\BOOKMARK [3][-]{subsubsection.3.6.5}{\376\377\000U\000C\000-\0004\000.\0000\000.\0004\000\040\000-\000\040\000E\000s\000p\000o\000r\000t\000a\000r\000e\000\040\000u\000n\000\040\000f\000i\000l\000e\000\040\000i\000n\000\040\000f\000o\000r\000m\000a\000t\000o\000\040\000O\000D\000T}{subsection.3.6}% 111
\BOOKMARK [3][-]{subsubsection.3.6.6}{\376\377\000U\000C\000-\0004\000.\0000\000.\0005\000\040\000-\000\040\000E\000s\000p\000o\000r\000t\000a\000r\000e\000\040\000u\000n\000\040\000f\000i\000l\000e\000\040\000i\000n\000\040\000f\000o\000r\000m\000a\000t\000o\000\040\000D\000O\000C\000X}{subsection.3.6}% 112
\BOOKMARK [3][-]{subsubsection.3.6.7}{\376\377\000U\000C\000-\0004\000.\0000\000.\0006\000\040\000-\000\040\000E\000s\000p\000o\000r\000t\000a\000r\000e\000\040\000s\000e\000l\000e\000z\000i\000o\000n\000a\000t\000e\000\040\000p\000a\000g\000i\000n\000e\000\040\000d\000e\000l\000\040\000d\000o\000c\000u\000m\000e\000n\000t\000o}{subsection.3.6}% 113
\BOOKMARK [3][-]{subsubsection.3.6.8}{\376\377\000U\000C\000-\0004\000.\0000\000.\0007\000\040\000-\000\040\000E\000s\000p\000o\000r\000t\000a\000r\000e\000\040\000u\000n\000\040\000r\000a\000n\000g\000e\000\040\000d\000i\000\040\000p\000a\000g\000i\000n\000e\000\040\000d\000e\000l\000\040\000d\000o\000c\000u\000m\000e\000n\000t\000o}{subsection.3.6}% 114
\BOOKMARK [3][-]{subsubsection.3.6.9}{\376\377\000U\000C\000-\0004\000.\0001\000\040\000-\000\040\000S\000t\000a\000m\000p\000a\000r\000e\000\040\000i\000l\000\040\000d\000o\000c\000u\000m\000e\000n\000t\000o}{subsection.3.6}% 115
\BOOKMARK [3][-]{subsubsection.3.6.10}{\376\377\000U\000C\000-\0004\000.\0002\000\040\000-\000\040\000A\000p\000e\000r\000t\000u\000r\000a\000\040\000d\000i\000\040\000u\000n\000\040\000f\000i\000l\000e\000\040\000s\000a\000l\000v\000a\000t\000o}{subsection.3.6}% 116
\BOOKMARK [3][-]{subsubsection.3.6.11}{\376\377\000U\000C\000-\0004\000.\0002\000.\0001\000\040\000-\000\040\000G\000e\000s\000t\000i\000o\000n\000e\000\040\000a\000n\000n\000u\000l\000l\000a\000m\000e\000n\000t\000o\000\040\000a\000p\000e\000r\000t\000u\000r\000a}{subsection.3.6}% 117
\BOOKMARK [3][-]{subsubsection.3.6.12}{\376\377\000U\000C\000-\0004\000.\0003\000\040\000-\000\040\000S\000a\000l\000v\000a\000t\000a\000g\000g\000i\000o\000\040\000f\000i\000l\000e\000\040\000n\000e\000l\000\040\000D\000a\000t\000a\000B\000a\000s\000e\000G}{subsection.3.6}% 118
\BOOKMARK [3][-]{subsubsection.3.6.13}{\376\377\000U\000C\000-\0004\000.\0003\000.\0001\000\040\000-\000\040\000G\000e\000s\000t\000i\000o\000n\000e\000\040\000t\000e\000n\000t\000a\000t\000i\000v\000o\000\040\000s\000a\000l\000v\000a\000t\000a\000g\000g\000i\000o\000\040\000n\000o\000t\000a\000\040\000v\000u\000o\000t\000a}{subsection.3.6}% 119
\BOOKMARK [3][-]{subsubsection.3.6.14}{\376\377\000U\000C\000-\0004\000.\0003\000.\0002\000\040\000-\000\040\000G\000e\000s\000t\000i\000o\000n\000e\000\040\000s\000a\000l\000v\000a\000t\000a\000g\000g\000i\000o\000\040\000s\000e\000n\000z\000a\000\040\000a\000u\000t\000e\000n\000t\000i\000c\000a\000z\000i\000o\000n\000e}{subsection.3.6}% 120
\BOOKMARK [2][-]{subsection.3.7}{\376\377\000M\000a\000c\000r\000o\000a\000r\000e\000a\000\040\0005\000\040\000-\000\040\000A\000u\000t\000e\000n\000t\000i\000c\000a\000z\000i\000o\000n\000e}{section.3}% 121
\BOOKMARK [3][-]{subsubsection.3.7.1}{\376\377\000U\000C\000-\0005\000.\0000\000\040\000-\000\040\000L\000o\000g\000i\000n}{subsection.3.7}% 122
\BOOKMARK [3][-]{subsubsection.3.7.2}{\376\377\000U\000C\000-\0005\000.\0000\000.\0001\000\040\000-\000\040\000G\000e\000s\000t\000i\000o\000n\000e\000\040\000u\000s\000e\000r\000n\000a\000m\000e\000\040\000i\000n\000e\000s\000i\000s\000t\000e\000n\000t\000e}{subsection.3.7}% 123
\BOOKMARK [3][-]{subsubsection.3.7.3}{\376\377\000U\000C\000-\0005\000.\0000\000.\0002\000\040\000-\000\040\000G\000e\000s\000t\000i\000o\000n\000e\000\040\000p\000a\000s\000s\000w\000o\000r\000d\000\040\000e\000r\000r\000a\000t\000a}{subsection.3.7}% 124
\BOOKMARK [3][-]{subsubsection.3.7.4}{\376\377\000U\000C\000-\0005\000.\0001\000\040\000-\000\040\000R\000e\000g\000i\000s\000t\000r\000a\000z\000i\000o\000n\000e}{subsection.3.7}% 125
\BOOKMARK [3][-]{subsubsection.3.7.5}{\376\377\000U\000C\000-\0005\000.\0001\000.\0001\000\040\000-\000\040\000G\000e\000s\000t\000i\000o\000n\000e\000\040\000u\000s\000e\000r\000n\000a\000m\000e\000\040\000g\000i\000\340\000\040\000e\000s\000i\000s\000t\000e\000n\000t\000e}{subsection.3.7}% 126
\BOOKMARK [3][-]{subsubsection.3.7.6}{\376\377\000U\000C\000-\0005\000.\0002\000\040\000-\000\040\000E\000l\000i\000m\000i\000n\000a\000z\000i\000o\000n\000e\000\040\000d\000e\000l\000l\000'\000a\000c\000c\000o\000u\000n\000t}{subsection.3.7}% 127
\BOOKMARK [3][-]{subsubsection.3.7.7}{\376\377\000U\000C\000-\0005\000.\0002\000.\0001\000\040\000-\000\040\000A\000n\000n\000u\000l\000l\000a\000m\000e\000n\000t\000o\000\040\000d\000e\000l\000l\000a\000\040\000p\000r\000o\000c\000e\000d\000u\000r\000a\000\040\000d\000i\000\040\000e\000l\000i\000m\000i\000n\000a\000z\000i\000o\000n\000e\000\040\000a\000c\000c\000o\000u\000n\000t}{subsection.3.7}% 128
\BOOKMARK [3][-]{subsubsection.3.7.8}{\376\377\000U\000C\000-\0005\000.\0003\000\040\000-\000\040\000L\000o\000g\000o\000u\000t}{subsection.3.7}% 129
\BOOKMARK [1][-]{section.4}{\376\377\000R\000e\000q\000u\000i\000s\000i\000t\000i}{}% 130
\BOOKMARK [2][-]{subsection.4.1}{\376\377\000C\000l\000a\000s\000s\000i\000f\000i\000c\000a\000z\000i\000o\000n\000e\000\040\000d\000e\000i\000\040\000r\000e\000q\000u\000i\000s\000i\000t\000i}{section.4}% 131
\BOOKMARK [3][-]{subsubsection.4.1.1}{\376\377\000N\000o\000t\000a\000z\000i\000o\000n\000e\000\040\000s\000t\000a\000n\000d\000a\000r\000d\000i\000z\000z\000a\000t\000a\000\040\000d\000e\000i\000\040\000r\000e\000q\000u\000i\000s\000i\000t\000i}{subsection.4.1}% 132
\BOOKMARK [2][-]{subsection.4.2}{\376\377\000C\000a\000t\000e\000g\000o\000r\000i\000e\000\040\000d\000e\000i\000\040\000R\000e\000q\000u\000i\000s\000i\000t\000i}{section.4}% 133
\BOOKMARK [3][-]{subsubsection.4.2.1}{\376\377\000R\000e\000q\000u\000i\000s\000i\000t\000i\000\040\000F\000u\000n\000z\000i\000o\000n\000a\000l\000i\000G}{subsection.4.2}% 134
\BOOKMARK [3][-]{subsubsection.4.2.2}{\376\377\000R\000e\000q\000u\000i\000s\000i\000t\000i\000\040\000d\000i\000\040\000V\000i\000n\000c\000o\000l\000o\000G}{subsection.4.2}% 135
\BOOKMARK [3][-]{subsubsection.4.2.3}{\376\377\000R\000e\000q\000u\000i\000s\000i\000t\000i\000\040\000d\000i\000\040\000Q\000u\000a\000l\000i\000t\000\340\000G}{subsection.4.2}% 136
\BOOKMARK [2][-]{subsection.4.3}{\376\377\000T\000r\000a\000c\000c\000i\000a\000m\000e\000n\000t\000o}{section.4}% 137
\BOOKMARK [3][-]{subsubsection.4.3.1}{\376\377\000F\000o\000n\000t\000e\000\040\000-\000\040\000R\000e\000q\000u\000i\000s\000i\000t\000i}{subsection.4.3}% 138
\BOOKMARK [1][-]{section.5}{\376\377\000R\000i\000e\000p\000i\000l\000o\000g\000o}{}% 139
