This is pdfTeX, Version 3.141592653-2.6-1.40.25 (TeX Live 2023/Debian) (preloaded format=pdflatex 2026.3.16)  16 MAR 2026 17:30
entering extended mode
 restricted \write18 enabled.
 %&-line parsing enabled.
**Analisi_dei_Requisiti_v1.4.1.tex
(./Analisi_dei_Requisiti_v1.4.1.tex
LaTeX2e <2023-11-01> patch level 1
L3 programming layer <2024-01-22>
(/usr/share/texlive/texmf-dist/tex/latex/base/article.cls
Document Class: article 2023/05/17 v1.4n Standard LaTeX document class
(/usr/share/texlive/texmf-dist/tex/latex/base/size11.clo
File: size11.clo 2023/05/17 v1.4n Standard LaTeX file (size option)
)
\c@part=\count187
\c@section=\count188
\c@subsection=\count189
\c@subsubsection=\count190
\c@paragraph=\count191
\c@subparagraph=\count192
\c@figure=\count193
\c@table=\count194
\abovecaptionskip=\skip48
\belowcaptionskip=\skip49
\bibindent=\dimen140
)
(/usr/share/texlive/texmf-dist/tex/latex/base/inputenc.sty
Package: inputenc 2021/02/14 v1.3d Input encoding file
\inpenc@prehook=\toks17
\inpenc@posthook=\toks18
)
(/usr/share/texlive/texmf-dist/tex/generic/babel/babel.sty
Package: babel 2024/01/07 v24.1 The Babel package
\babel@savecnt=\count195
\U@D=\dimen141
\l@unhyphenated=\language6

(/usr/share/texlive/texmf-dist/tex/generic/babel/txtbabel.def)
\bbl@readstream=\read2
\bbl@dirlevel=\count196

(/usr/share/texlive/texmf-dist/tex/generic/babel-italian/italian.ldf
Language: italian 2024/01/03 v.1.5.00 Italian support for the babel system
\it@lettering=\count197
\it@doublequoteactive=\count198
\it@ISOcompliance=\count199
))
(/usr/share/texlive/texmf-dist/tex/generic/babel/locale/it/babel-italian.tex
Package babel Info: Importing font and identification data for italian
(babel)             from babel-it.ini. Reported on input line 11.
)
(/usr/share/texlive/texmf-dist/tex/latex/etoolbox/etoolbox.sty
Package: etoolbox 2020/10/05 v2.5k e-TeX tools for LaTeX (JAW)
\etb@tempcnta=\count266
)
(/usr/share/texlive/texmf-dist/tex/latex/geometry/geometry.sty
Package: geometry 2020/01/02 v5.9 Page Geometry

(/usr/share/texlive/texmf-dist/tex/latex/graphics/keyval.sty
Package: keyval 2022/05/29 v1.15 key=value parser (DPC)
\KV@toks@=\toks19
)
(/usr/share/texlive/texmf-dist/tex/generic/iftex/ifvtex.sty
Package: ifvtex 2019/10/25 v1.7 ifvtex legacy package. Use iftex instead.

(/usr/share/texlive/texmf-dist/tex/generic/iftex/iftex.sty
Package: iftex 2022/02/03 v1.0f TeX engine tests
))
\Gm@cnth=\count267
\Gm@cntv=\count268
\c@Gm@tempcnt=\count269
\Gm@bindingoffset=\dimen142
\Gm@wd@mp=\dimen143
\Gm@odd@mp=\dimen144
\Gm@even@mp=\dimen145
\Gm@layoutwidth=\dimen146
\Gm@layoutheight=\dimen147
\Gm@layouthoffset=\dimen148
\Gm@layoutvoffset=\dimen149
\Gm@dimlist=\toks20
)
(/usr/share/texlive/texmf-dist/tex/latex/graphics/graphicx.sty
Package: graphicx 2021/09/16 v1.2d Enhanced LaTeX Graphics (DPC,SPQR)

(/usr/share/texlive/texmf-dist/tex/latex/graphics/graphics.sty
Package: graphics 2022/03/10 v1.4e Standard LaTeX Graphics (DPC,SPQR)

(/usr/share/texlive/texmf-dist/tex/latex/graphics/trig.sty
Package: trig 2021/08/11 v1.11 sin cos tan (DPC)
)
(/usr/share/texlive/texmf-dist/tex/latex/graphics-cfg/graphics.cfg
File: graphics.cfg 2016/06/04 v1.11 sample graphics configuration
)
Package graphics Info: Driver file: pdftex.def on input line 107.

(/usr/share/texlive/texmf-dist/tex/latex/graphics-def/pdftex.def
File: pdftex.def 2022/09/22 v1.2b Graphics/color driver for pdftex
))
\Gin@req@height=\dimen150
\Gin@req@width=\dimen151
)
(/usr/share/texlive/texmf-dist/tex/latex/float/float.sty
Package: float 2001/11/08 v1.3d Float enhancements (AL)
\c@float@type=\count270
\float@exts=\toks21
\float@box=\box51
\@float@everytoks=\toks22
\@floatcapt=\box52
)
(/usr/share/texlive/texmf-dist/tex/latex/tools/tabularx.sty
Package: tabularx 2023/07/08 v2.11c `tabularx' package (DPC)

(/usr/share/texlive/texmf-dist/tex/latex/tools/array.sty
Package: array 2023/10/16 v2.5g Tabular extension package (FMi)
\col@sep=\dimen152
\ar@mcellbox=\box53
\extrarowheight=\dimen153
\NC@list=\toks23
\extratabsurround=\skip50
\backup@length=\skip51
\ar@cellbox=\box54
)
\TX@col@width=\dimen154
\TX@old@table=\dimen155
\TX@old@col=\dimen156
\TX@target=\dimen157
\TX@delta=\dimen158
\TX@cols=\count271
\TX@ftn=\toks24
)
(/usr/share/texlive/texmf-dist/tex/latex/booktabs/booktabs.sty
Package: booktabs 2020/01/12 v1.61803398 Publication quality tables
\heavyrulewidth=\dimen159
\lightrulewidth=\dimen160
\cmidrulewidth=\dimen161
\belowrulesep=\dimen162
\belowbottomsep=\dimen163
\aboverulesep=\dimen164
\abovetopsep=\dimen165
\cmidrulesep=\dimen166
\cmidrulekern=\dimen167
\defaultaddspace=\dimen168
\@cmidla=\count272
\@cmidlb=\count273
\@aboverulesep=\dimen169
\@belowrulesep=\dimen170
\@thisruleclass=\count274
\@lastruleclass=\count275
\@thisrulewidth=\dimen171
)
(/usr/share/texlive/texmf-dist/tex/latex/hyperref/hyperref.sty
Package: hyperref 2024-01-20 v7.01h Hypertext links for LaTeX

(/usr/share/texlive/texmf-dist/tex/latex/kvsetkeys/kvsetkeys.sty
Package: kvsetkeys 2022-10-05 v1.19 Key value parser (HO)
)
(/usr/share/texlive/texmf-dist/tex/generic/kvdefinekeys/kvdefinekeys.sty
Package: kvdefinekeys 2019-12-19 v1.6 Define keys (HO)
)
(/usr/share/texlive/texmf-dist/tex/generic/pdfescape/pdfescape.sty
Package: pdfescape 2019/12/09 v1.15 Implements pdfTeX's escape features (HO)

(/usr/share/texlive/texmf-dist/tex/generic/ltxcmds/ltxcmds.sty
Package: ltxcmds 2023-12-04 v1.26 LaTeX kernel commands for general use (HO)
)
(/usr/share/texlive/texmf-dist/tex/generic/pdftexcmds/pdftexcmds.sty
Package: pdftexcmds 2020-06-27 v0.33 Utility functions of pdfTeX for LuaTeX (HO
)

(/usr/share/texlive/texmf-dist/tex/generic/infwarerr/infwarerr.sty
Package: infwarerr 2019/12/03 v1.5 Providing info/warning/error messages (HO)
)
Package pdftexcmds Info: \pdf@primitive is available.
Package pdftexcmds Info: \pdf@ifprimitive is available.
Package pdftexcmds Info: \pdfdraftmode found.
))
(/usr/share/texlive/texmf-dist/tex/latex/hycolor/hycolor.sty
Package: hycolor 2020-01-27 v1.10 Color options for hyperref/bookmark (HO)
)
(/usr/share/texlive/texmf-dist/tex/latex/auxhook/auxhook.sty
Package: auxhook 2019-12-17 v1.6 Hooks for auxiliary files (HO)
)
(/usr/share/texlive/texmf-dist/tex/latex/hyperref/nameref.sty
Package: nameref 2023-11-26 v2.56 Cross-referencing by name of section

(/usr/share/texlive/texmf-dist/tex/latex/refcount/refcount.sty
Package: refcount 2019/12/15 v3.6 Data extraction from label references (HO)
)
(/usr/share/texlive/texmf-dist/tex/generic/gettitlestring/gettitlestring.sty
Package: gettitlestring 2019/12/15 v1.6 Cleanup title references (HO)

(/usr/share/texlive/texmf-dist/tex/latex/kvoptions/kvoptions.sty
Package: kvoptions 2022-06-15 v3.15 Key value format for package options (HO)
))
\c@section@level=\count276
)
\@linkdim=\dimen172
\Hy@linkcounter=\count277
\Hy@pagecounter=\count278

(/usr/share/texlive/texmf-dist/tex/latex/hyperref/pd1enc.def
File: pd1enc.def 2024-01-20 v7.01h Hyperref: PDFDocEncoding definition (HO)
Now handling font encoding PD1 ...
... no UTF-8 mapping file for font encoding PD1
)
(/usr/share/texlive/texmf-dist/tex/generic/intcalc/intcalc.sty
Package: intcalc 2019/12/15 v1.3 Expandable calculations with integers (HO)
)
\Hy@SavedSpaceFactor=\count279

(/usr/share/texlive/texmf-dist/tex/latex/hyperref/puenc.def
File: puenc.def 2024-01-20 v7.01h Hyperref: PDF Unicode definition (HO)
Now handling font encoding PU ...
... no UTF-8 mapping file for font encoding PU
)
Package hyperref Info: Hyper figures OFF on input line 4179.
Package hyperref Info: Link nesting OFF on input line 4184.
Package hyperref Info: Hyper index ON on input line 4187.
Package hyperref Info: Plain pages OFF on input line 4194.
Package hyperref Info: Backreferencing OFF on input line 4199.
Package hyperref Info: Implicit mode ON; LaTeX internals redefined.
Package hyperref Info: Bookmarks ON on input line 4446.
\c@Hy@tempcnt=\count280

(/usr/share/texlive/texmf-dist/tex/latex/url/url.sty
\Urlmuskip=\muskip16
Package: url 2013/09/16  ver 3.4  Verb mode for urls, etc.
)
LaTeX Info: Redefining \url on input line 4784.
\XeTeXLinkMargin=\dimen173

(/usr/share/texlive/texmf-dist/tex/generic/bitset/bitset.sty
Package: bitset 2019/12/09 v1.3 Handle bit-vector datatype (HO)

(/usr/share/texlive/texmf-dist/tex/generic/bigintcalc/bigintcalc.sty
Package: bigintcalc 2019/12/15 v1.5 Expandable calculations on big integers (HO
)
))
\Fld@menulength=\count281
\Field@Width=\dimen174
\Fld@charsize=\dimen175
Package hyperref Info: Hyper figures OFF on input line 6063.
Package hyperref Info: Link nesting OFF on input line 6068.
Package hyperref Info: Hyper index ON on input line 6071.
Package hyperref Info: backreferencing OFF on input line 6078.
Package hyperref Info: Link coloring OFF on input line 6083.
Package hyperref Info: Link coloring with OCG OFF on input line 6088.
Package hyperref Info: PDF/A mode OFF on input line 6093.

(/usr/share/texlive/texmf-dist/tex/latex/base/atbegshi-ltx.sty
Package: atbegshi-ltx 2021/01/10 v1.0c Emulation of the original atbegshi
package with kernel methods
)
\Hy@abspage=\count282
\c@Item=\count283
\c@Hfootnote=\count284
)
Package hyperref Info: Driver (autodetected): hpdftex.

(/usr/share/texlive/texmf-dist/tex/latex/hyperref/hpdftex.def
File: hpdftex.def 2024-01-20 v7.01h Hyperref driver for pdfTeX

(/usr/share/texlive/texmf-dist/tex/latex/base/atveryend-ltx.sty
Package: atveryend-ltx 2020/08/19 v1.0a Emulation of the original atveryend pac
kage
with kernel methods
)
\Fld@listcount=\count285
\c@bookmark@seq@number=\count286

(/usr/share/texlive/texmf-dist/tex/latex/rerunfilecheck/rerunfilecheck.sty
Package: rerunfilecheck 2022-07-10 v1.10 Rerun checks for auxiliary files (HO)

(/usr/share/texlive/texmf-dist/tex/generic/uniquecounter/uniquecounter.sty
Package: uniquecounter 2019/12/15 v1.4 Provide unlimited unique counter (HO)
)
Package uniquecounter Info: New unique counter `rerunfilecheck' on input line 2
85.
)
\Hy@SectionHShift=\skip52
)
(/usr/share/texlive/texmf-dist/tex/latex/fancyhdr/fancyhdr.sty
Package: fancyhdr 2022/11/09 v4.1 Extensive control of page headers and footers

\f@nch@headwidth=\skip53
\f@nch@O@elh=\skip54
\f@nch@O@erh=\skip55
\f@nch@O@olh=\skip56
\f@nch@O@orh=\skip57
\f@nch@O@elf=\skip58
\f@nch@O@erf=\skip59
\f@nch@O@olf=\skip60
\f@nch@O@orf=\skip61
)
(/usr/share/texlive/texmf-dist/tex/latex/lastpage/lastpage.sty
Package: lastpage 2023/10/14 v2.0e lastpage: 2.09 or 2e? (HMM)

(/usr/share/texlive/texmf-dist/tex/latex/lastpage/lastpage2e.sty
Package: lastpage2e 2023/10/14 v2.0e Decide which 2e lastpage version to use (H
MM)

(/usr/share/texlive/texmf-dist/tex/latex/lastpage/lastpagemodern.sty
Package: lastpagemodern 2023-10-14 v2.0e Refers to last page's name (HMM; JPG)
\c@lastpagecount=\count287
) 
)) (/usr/share/texlive/texmf-dist/tex/latex/tools/longtable.sty
Package: longtable 2023-11-01 v4.19 Multi-page Table package (DPC)
\LTleft=\skip62
\LTright=\skip63
\LTpre=\skip64
\LTpost=\skip65
\LTchunksize=\count288
\LTcapwidth=\dimen176
\LT@head=\box55
\LT@firsthead=\box56
\LT@foot=\box57
\LT@lastfoot=\box58
\LT@gbox=\box59
\LT@cols=\count289
\LT@rows=\count290
\c@LT@tables=\count291
\c@LT@chunks=\count292
\LT@p@ftn=\toks25
)
(/usr/share/texlive/texmf-dist/tex/latex/l3backend/l3backend-pdftex.def
File: l3backend-pdftex.def 2024-01-04 L3 backend support: PDF output (pdfTeX)
\l__color_backend_stack_int=\count293
\l__pdf_internal_box=\box60
)
(./Analisi_dei_Requisiti_v1.4.1.aux)
\openout1 = `Analisi_dei_Requisiti_v1.4.1.aux'.

LaTeX Font Info:    Checking defaults for OML/cmm/m/it on input line 23.
LaTeX Font Info:    ... okay on input line 23.
LaTeX Font Info:    Checking defaults for OMS/cmsy/m/n on input line 23.
LaTeX Font Info:    ... okay on input line 23.
LaTeX Font Info:    Checking defaults for OT1/cmr/m/n on input line 23.
LaTeX Font Info:    ... okay on input line 23.
LaTeX Font Info:    Checking defaults for T1/cmr/m/n on input line 23.
LaTeX Font Info:    ... okay on input line 23.
LaTeX Font Info:    Checking defaults for TS1/cmr/m/n on input line 23.
LaTeX Font Info:    ... okay on input line 23.
LaTeX Font Info:    Checking defaults for OMX/cmex/m/n on input line 23.
LaTeX Font Info:    ... okay on input line 23.
LaTeX Font Info:    Checking defaults for U/cmr/m/n on input line 23.
LaTeX Font Info:    ... okay on input line 23.
LaTeX Font Info:    Checking defaults for PD1/pdf/m/n on input line 23.
LaTeX Font Info:    ... okay on input line 23.
LaTeX Font Info:    Checking defaults for PU/pdf/m/n on input line 23.
LaTeX Font Info:    ... okay on input line 23.
LaTeX Info: Redefining \it@ocap on input line 23.
LaTeX Info: Redefining \it@ccap on input line 23.


File italian.ldf warning: 
italian.ldf    With OT1 encoding guillemets are poorly faked
italian.ldf    Use T1 encoding
italian.ldf    or specify a font with command \CaporaliFrom
italian.ldf    See the documentation concerning the babel-italian typesetting
italian.ldf    on input line 23.

*geometry* driver: auto-detecting
*geometry* detected driver: pdftex
*geometry* verbose mode - [ preamble ] result:
* driver: pdftex
* paper: a4paper
* layout: <same size as paper>
* layoutoffset:(h,v)=(0.0pt,0.0pt)
* modes: 
* h-part:(L,W,R)=(71.13188pt, 455.24411pt, 71.13188pt)
* v-part:(T,H,B)=(71.13188pt, 702.78308pt, 71.13188pt)
* \paperwidth=597.50787pt
* \paperheight=845.04684pt
* \textwidth=455.24411pt
* \textheight=702.78308pt
* \oddsidemargin=-1.1381pt
* \evensidemargin=-1.1381pt
* \topmargin=-38.1381pt
* \headheight=12.0pt
* \headsep=25.0pt
* \topskip=11.0pt
* \footskip=30.0pt
* \marginparwidth=50.0pt
* \marginparsep=10.0pt
* \columnsep=10.0pt
* \skip\footins=10.0pt plus 4.0pt minus 2.0pt
* \hoffset=0.0pt
* \voffset=0.0pt
* \mag=1000
* \@twocolumnfalse
* \@twosidefalse
* \@mparswitchfalse
* \@reversemarginfalse
* (1in=72.27pt=25.4mm, 1cm=28.453pt)

(/usr/share/texlive/texmf-dist/tex/context/base/mkii/supp-pdf.mkii
[Loading MPS to PDF converter (version 2006.09.02).]
\scratchcounter=\count294
\scratchdimen=\dimen177
\scratchbox=\box61
\nofMPsegments=\count295
\nofMParguments=\count296
\everyMPshowfont=\toks26
\MPscratchCnt=\count297
\MPscratchDim=\dimen178
\MPnumerator=\count298
\makeMPintoPDFobject=\count299
\everyMPtoPDFconversion=\toks27
) (/usr/share/texlive/texmf-dist/tex/latex/epstopdf-pkg/epstopdf-base.sty
Package: epstopdf-base 2020-01-24 v2.11 Base part for package epstopdf
Package epstopdf-base Info: Redefining graphics rule for `.eps' on input line 4
85.

(/usr/share/texlive/texmf-dist/tex/latex/latexconfig/epstopdf-sys.cfg
File: epstopdf-sys.cfg 2010/07/13 v1.3 Configuration of (r)epstopdf for TeX Liv
e
))
Package hyperref Info: Link coloring OFF on input line 23.

(./Analisi_dei_Requisiti_v1.4.1.out) (./Analisi_dei_Requisiti_v1.4.1.out)
\@outlinefile=\write3
\openout3 = `Analisi_dei_Requisiti_v1.4.1.out'.

<../logoUnipd.jpg, id=562, 690.58pt x 309.155pt>
File: ../logoUnipd.jpg Graphic file (type jpg)
<use ../logoUnipd.jpg>
Package pdftex.def Info: ../logoUnipd.jpg  used on input line 32.
(pdftex.def)             Requested size: 136.57462pt x 61.13644pt.
<../LogoByteMe.jpg, id=563, 664.73344pt x 664.73344pt>
File: ../LogoByteMe.jpg Graphic file (type jpg)
<use ../LogoByteMe.jpg>
Package pdftex.def Info: ../LogoByteMe.jpg  used on input line 50.
(pdftex.def)             Requested size: 91.04742pt x 91.04358pt.
LaTeX Font Info:    External font `cmex10' loaded for size
(Font)              <24.88> on input line 61.
LaTeX Font Info:    External font `cmex10' loaded for size
(Font)              <20.74> on input line 61.
LaTeX Font Info:    External font `cmex10' loaded for size
(Font)              <17.28> on input line 61.
LaTeX Font Info:    External font `cmex10' loaded for size
(Font)              <10.95> on input line 67.
LaTeX Font Info:    External font `cmex10' loaded for size
(Font)              <8> on input line 67.
LaTeX Font Info:    External font `cmex10' loaded for size
(Font)              <6> on input line 67.

[1

{/var/lib/texmf/fonts/map/pdftex/updmap/pdftex.map} <../logoUnipd.jpg> <../Logo
ByteMe.jpg>]
Overfull \hbox (40.8343pt too wide) in alignment at lines 95--189
 [] [] [] [] [] 
 []


pdfTeX warning (ext4): destination with the same identifier (name{page.1}) has 
been already used, duplicate ignored
<to be read again> 
                   \relax 
l.189 \end{longtable}
                      [1] [2] (./Analisi_dei_Requisiti_v1.4.1.toc [3] [4])
\tf@toc=\write4
\openout4 = `Analisi_dei_Requisiti_v1.4.1.toc'.


[5]
LaTeX Font Info:    External font `cmex10' loaded for size
(Font)              <12> on input line 207.


Package hyperref Warning: Token not allowed in a PDF string (Unicode):
(hyperref)                removing `\mathsurround' on input line 207.


Package hyperref Warning: Token not allowed in a PDF string (Unicode):
(hyperref)                removing `\z@' on input line 207.


Package hyperref Warning: Token not allowed in a PDF string (Unicode):
(hyperref)                removing `subscript' on input line 207.


pdfTeX warning (ext4): destination with the same identifier (name{page.1}) has 
been already used, duplicate ignored
<to be read again> 
                   \relax 
l.226 \newpage
               [1]
pdfTeX warning (ext4): destination with the same identifier (name{page.2}) has 
been already used, duplicate ignored
<to be read again> 
                   \relax 
l.275 
       [2]
pdfTeX warning (ext4): destination with the same identifier (name{page.3}) has 
been already used, duplicate ignored
<to be read again> 
                   \relax 
l.276 \newpage
               [3]
pdfTeX warning (ext4): destination with the same identifier (name{page.4}) has 
been already used, duplicate ignored
<to be read again> 
                   \relax 
l.305 \newpage
               [4]

Package hyperref Warning: Token not allowed in a PDF string (Unicode):
(hyperref)                removing `\mathsurround' on input line 307.


Package hyperref Warning: Token not allowed in a PDF string (Unicode):
(hyperref)                removing `\z@' on input line 307.


Package hyperref Warning: Token not allowed in a PDF string (Unicode):
(hyperref)                removing `subscript' on input line 307.

<../UCimg/UC1.0.jpg, id=762, 831.105pt x 412.54124pt>
File: ../UCimg/UC1.0.jpg Graphic file (type jpg)
<use ../UCimg/UC1.0.jpg>
Package pdftex.def Info: ../UCimg/UC1.0.jpg  used on input line 358.
(pdftex.def)             Requested size: 364.19667pt x 180.77591pt.

pdfTeX warning (ext4): destination with the same identifier (name{page.5}) has 
been already used, duplicate ignored
<to be read again> 
                   \relax 
l.362 
       [5]
<../UCimg/UC1.1.jpg, id=767, 811.03pt x 282.05376pt>
File: ../UCimg/UC1.1.jpg Graphic file (type jpg)
<use ../UCimg/UC1.1.jpg>
Package pdftex.def Info: ../UCimg/UC1.1.jpg  used on input line 398.
(pdftex.def)             Requested size: 364.19667pt x 126.66048pt.
 [6 <../UCimg/UC1.0.jpg>]
<../UCimg/UC1.2.jpg, id=774, 479.7925pt x 211.79124pt>
File: ../UCimg/UC1.2.jpg Graphic file (type jpg)
<use ../UCimg/UC1.2.jpg>
Package pdftex.def Info: ../UCimg/UC1.2.jpg  used on input line 417.
(pdftex.def)             Requested size: 364.19667pt x 160.76588pt.
 [7 <../UCimg/UC1.1.jpg> <../UCimg/UC1.2.jpg>]
<../UCimg/UC1.3_1.5.jpg, id=783, 509.905pt x 482.80376pt>
File: ../UCimg/UC1.3_1.5.jpg Graphic file (type jpg)
<use ../UCimg/UC1.3_1.5.jpg>
Package pdftex.def Info: ../UCimg/UC1.3_1.5.jpg  used on input line 482.
(pdftex.def)             Requested size: 364.19667pt x 344.85582pt.
 [8] [9 <../UCimg/UC1.3_1.5.jpg>]
<../UCimg/UC1.6_1.7.jpg, id=807, 780.9175pt x 422.57875pt>
File: ../UCimg/UC1.6_1.7.jpg Graphic file (type jpg)
<use ../UCimg/UC1.6_1.7.jpg>
Package pdftex.def Info: ../UCimg/UC1.6_1.7.jpg  used on input line 564.
(pdftex.def)             Requested size: 364.19667pt x 197.07741pt.
 [10] [11 <../UCimg/UC1.6_1.7.jpg>]

Package hyperref Warning: Token not allowed in a PDF string (Unicode):
(hyperref)                removing `\mathsurround' on input line 599.


Package hyperref Warning: Token not allowed in a PDF string (Unicode):
(hyperref)                removing `\z@' on input line 599.


Package hyperref Warning: Token not allowed in a PDF string (Unicode):
(hyperref)                removing `subscript' on input line 599.

<../UCimg/UC1.8.0.1.jpg, id=821, 770.88pt x 332.24126pt>
File: ../UCimg/UC1.8.0.1.jpg Graphic file (type jpg)
<use ../UCimg/UC1.8.0.1.jpg>
Package pdftex.def Info: ../UCimg/UC1.8.0.1.jpg  used on input line 615.
(pdftex.def)             Requested size: 364.19667pt x 156.96454pt.
[12 <../UCimg/UC1.8.0.1.jpg>] [13] [14]
<../UCimg/UC1.8.jpg, id=843, 1092.08pt x 512.91624pt>
File: ../UCimg/UC1.8.jpg Graphic file (type jpg)
<use ../UCimg/UC1.8.jpg>
Package pdftex.def Info: ../UCimg/UC1.8.jpg  used on input line 751.
(pdftex.def)             Requested size: 364.19667pt x 171.04732pt.
 [15 <../UCimg/UC1.8.jpg>] [16] [17]
<../UCimg/UC1.9.jpg, id=864, 971.63pt x 532.99126pt>
File: ../UCimg/UC1.9.jpg Graphic file (type jpg)
<use ../UCimg/UC1.9.jpg>
Package pdftex.def Info: ../UCimg/UC1.9.jpg  used on input line 888.
(pdftex.def)             Requested size: 364.19667pt x 199.78177pt.

[18 <../UCimg/UC1.9.jpg>]
<../UCimg/UC1.10.jpg, id=871, 841.1425pt x 412.54124pt>
File: ../UCimg/UC1.10.jpg Graphic file (type jpg)
<use ../UCimg/UC1.10.jpg>
Package pdftex.def Info: ../UCimg/UC1.10.jpg  used on input line 949.
(pdftex.def)             Requested size: 364.19667pt x 178.62306pt.
 [19]
<../UCimg/UC1.11.jpg, id=878, 811.03pt x 282.05376pt>
File: ../UCimg/UC1.11.jpg Graphic file (type jpg)
<use ../UCimg/UC1.11.jpg>
Package pdftex.def Info: ../UCimg/UC1.11.jpg  used on input line 993.
(pdftex.def)             Requested size: 364.19667pt x 126.66048pt.
 [20 <../UCimg/UC1.10.jpg>] [21 <../UCimg/UC1.11.jpg>] [22]
<../UCimg/UC2.0.1.jpg, id=897, 863.225pt x 482.80376pt>
File: ../UCimg/UC2.0.1.jpg Graphic file (type jpg)
<use ../UCimg/UC2.0.1.jpg>
Package pdftex.def Info: ../UCimg/UC2.0.1.jpg  used on input line 1089.
(pdftex.def)             Requested size: 364.19667pt x 203.6897pt.
 [23]
<../UCimg/UC2.0_2.0.1_activity.jpg, id=903, 934.49126pt x 422.57875pt>
File: ../UCimg/UC2.0_2.0.1_activity.jpg Graphic file (type jpg)
<use ../UCimg/UC2.0_2.0.1_activity.jpg>
Package pdftex.def Info: ../UCimg/UC2.0_2.0.1_activity.jpg  used on input line 
1096.
(pdftex.def)             Requested size: 364.19667pt x 164.68898pt.
 [24 <../UCimg/UC2.0.1.jpg> <../UCimg/UC2.0_2.0.1_activity.jpg>]
<../UCimg/UC2.1.jpg, id=911, 1001.7425pt x 643.40375pt>
File: ../UCimg/UC2.1.jpg Graphic file (type jpg)
<use ../UCimg/UC2.1.jpg>
Package pdftex.def Info: ../UCimg/UC2.1.jpg  used on input line 1123.
(pdftex.def)             Requested size: 364.19667pt x 233.92247pt.
[25 <../UCimg/UC2.1.jpg>] [26]
<../UCimg/UC2.2.jpg, id=924, 560.0925pt x 201.75375pt>
File: ../UCimg/UC2.2.jpg Graphic file (type jpg)
<use ../UCimg/UC2.2.jpg>
Package pdftex.def Info: ../UCimg/UC2.2.jpg  used on input line 1224.
(pdftex.def)             Requested size: 364.19667pt x 131.19379pt.
 [27 <../UCimg/UC2.2.jpg>]
<../UCimg/UC2.3.jpg, id=931, 560.0925pt x 201.75375pt>
File: ../UCimg/UC2.3.jpg Graphic file (type jpg)
<use ../UCimg/UC2.3.jpg>
Package pdftex.def Info: ../UCimg/UC2.3.jpg  used on input line 1249.
(pdftex.def)             Requested size: 364.19667pt x 131.19379pt.
 [28 <../UCimg/UC2.3.jpg>]
<../UCimg/UC2.4.jpg, id=938, 981.6675pt x 492.84125pt>
File: ../UCimg/UC2.4.jpg Graphic file (type jpg)
<use ../UCimg/UC2.4.jpg>
Package pdftex.def Info: ../UCimg/UC2.4.jpg  used on input line 1297.
(pdftex.def)             Requested size: 364.19667pt x 182.84473pt.
 [29 <../UCimg/UC2.4.jpg>] [30] [31]
<../UCimg/UC2.5.jpg, id=956, 670.505pt x 332.24126pt>
File: ../UCimg/UC2.5.jpg Graphic file (type jpg)
<use ../UCimg/UC2.5.jpg>
Package pdftex.def Info: ../UCimg/UC2.5.jpg  used on input line 1446.
(pdftex.def)             Requested size: 364.19667pt x 180.46207pt.
 [32] [33 <../UCimg/UC2.5.jpg>]
<../UCimg/UC2.6.jpg, id=968, 991.705pt x 492.84125pt>
File: ../UCimg/UC2.6.jpg Graphic file (type jpg)
<use ../UCimg/UC2.6.jpg>
Package pdftex.def Info: ../UCimg/UC2.6.jpg  used on input line 1509.
(pdftex.def)             Requested size: 364.19667pt x 180.99477pt.
 [34 <../UCimg/UC2.6.jpg>] [35] [36]
<../UCimg/UC2.6.3.jpg, id=986, 991.705pt x 442.65375pt>
File: ../UCimg/UC2.6.3.jpg Graphic file (type jpg)
<use ../UCimg/UC2.6.3.jpg>
Package pdftex.def Info: ../UCimg/UC2.6.3.jpg  used on input line 1618.
(pdftex.def)             Requested size: 364.19667pt x 162.56352pt.


Package hyperref Warning: Token not allowed in a PDF string (Unicode):
(hyperref)                removing `\mathsurround' on input line 1623.


Package hyperref Warning: Token not allowed in a PDF string (Unicode):
(hyperref)                removing `\z@' on input line 1623.


Package hyperref Warning: Token not allowed in a PDF string (Unicode):
(hyperref)                removing `subscript' on input line 1623.

[37 <../UCimg/UC2.6.3.jpg>]
<../UCimg/UC2.7.jpg, id=994, 700.6175pt x 312.16624pt>
File: ../UCimg/UC2.7.jpg Graphic file (type jpg)
<use ../UCimg/UC2.7.jpg>
Package pdftex.def Info: ../UCimg/UC2.7.jpg  used on input line 1662.
(pdftex.def)             Requested size: 364.19667pt x 162.27498pt.
 [38 <../UCimg/UC2.7.jpg>]
<../UCimg/UC2.8.jpg, id=1001, 730.73pt x 292.09125pt>
File: ../UCimg/UC2.8.jpg Graphic file (type jpg)
<use ../UCimg/UC2.8.jpg>
Package pdftex.def Info: ../UCimg/UC2.8.jpg  used on input line 1715.
(pdftex.def)             Requested size: 364.19667pt x 145.57727pt.
 [39] [40 <../UCimg/UC2.8.jpg>]
<../UCimg/UC2.9.jpg, id=1013, 730.73pt x 292.09125pt>
File: ../UCimg/UC2.9.jpg Graphic file (type jpg)
<use ../UCimg/UC2.9.jpg>
Package pdftex.def Info: ../UCimg/UC2.9.jpg  used on input line 1758.
(pdftex.def)             Requested size: 364.19667pt x 145.57727pt.
 [41 <../UCimg/UC2.9.jpg>]
<../UCimg/UC2.10.jpg, id=1020, 730.73pt x 292.09125pt>
File: ../UCimg/UC2.10.jpg Graphic file (type jpg)
<use ../UCimg/UC2.10.jpg>
Package pdftex.def Info: ../UCimg/UC2.10.jpg  used on input line 1801.
(pdftex.def)             Requested size: 364.19667pt x 145.57727pt.
 [42 <../UCimg/UC2.10.jpg>]

Package hyperref Warning: Token not allowed in a PDF string (Unicode):
(hyperref)                removing `\mathsurround' on input line 1829.


Package hyperref Warning: Token not allowed in a PDF string (Unicode):
(hyperref)                removing `\z@' on input line 1829.


Package hyperref Warning: Token not allowed in a PDF string (Unicode):
(hyperref)                removing `subscript' on input line 1829.

<../UCimg/UC3.0.jpg, id=1027, 610.28pt x 312.16624pt>
File: ../UCimg/UC3.0.jpg Graphic file (type jpg)
<use ../UCimg/UC3.0.jpg>
Package pdftex.def Info: ../UCimg/UC3.0.jpg  used on input line 1857.
(pdftex.def)             Requested size: 364.19667pt x 186.29614pt.
[43] [44 <../UCimg/UC3.0.jpg>]
<../UCimg/UC3.0.3.jpg, id=1041, 650.43pt x 302.12875pt>
File: ../UCimg/UC3.0.3.jpg Graphic file (type jpg)
<use ../UCimg/UC3.0.3.jpg>
Package pdftex.def Info: ../UCimg/UC3.0.3.jpg  used on input line 1899.
(pdftex.def)             Requested size: 364.19667pt x 169.17711pt.
 [45 <../UCimg/UC3.0.3.jpg>]
<../UCimg/UC3.1_3.2_3.jpg, id=1048, 814.04124pt x 434.62375pt>
File: ../UCimg/UC3.1_3.2_3.jpg Graphic file (type jpg)
<use ../UCimg/UC3.1_3.2_3.jpg>
Package pdftex.def Info: ../UCimg/UC3.1_3.2_3.jpg  used on input line 1970.
(pdftex.def)             Requested size: 364.19667pt x 194.44482pt.
 [46 <../UCimg/UC3.1_3.2_3.jpg>]
Overfull \hbox (3.72592pt too wide) in paragraph at lines 2026--2027
[]\OT1/cmr/bx/n/10.95 Postcondizioni\OT1/cmr/m/n/10.95 : L'u-ten-te ot-tie-ne u
n fi-le .HTML in cui vie-ne con-ver-ti-to il te-sto Markdown$[]$
 []

[47]
<../UCimg/UC4.0.jpg, id=1060, 790.955pt x 452.69125pt>
File: ../UCimg/UC4.0.jpg Graphic file (type jpg)
<use ../UCimg/UC4.0.jpg>
Package pdftex.def Info: ../UCimg/UC4.0.jpg  used on input line 2064.
(pdftex.def)             Requested size: 364.19667pt x 208.44081pt.
 [48]
<../UCimg/UC4.0.6.jpg, id=1066, 744.7825pt x 272.01625pt>
File: ../UCimg/UC4.0.6.jpg Graphic file (type jpg)
<use ../UCimg/UC4.0.6.jpg>
Package pdftex.def Info: ../UCimg/UC4.0.6.jpg  used on input line 2100.
(pdftex.def)             Requested size: 364.19667pt x 133.01933pt.
 [49 <../UCimg/UC4.0.jpg>]
<../UCimg/UC4.1.jpg, id=1074, 489.83pt x 196.735pt>
File: ../UCimg/UC4.1.jpg Graphic file (type jpg)
<use ../UCimg/UC4.1.jpg>
Package pdftex.def Info: ../UCimg/UC4.1.jpg  used on input line 2126.
(pdftex.def)             Requested size: 364.19667pt x 146.27805pt.
 [50 <../UCimg/UC4.0.6.jpg> <../UCimg/UC4.1.jpg>]
<../UCimg/UC4.2.jpg, id=1083, 620.3175pt x 402.50375pt>
File: ../UCimg/UC4.2.jpg Graphic file (type jpg)
<use ../UCimg/UC4.2.jpg>
Package pdftex.def Info: ../UCimg/UC4.2.jpg  used on input line 2169.
(pdftex.def)             Requested size: 364.19667pt x 236.31436pt.
 [51]

Package hyperref Warning: Token not allowed in a PDF string (Unicode):
(hyperref)                removing `\mathsurround' on input line 2174.


Package hyperref Warning: Token not allowed in a PDF string (Unicode):
(hyperref)                removing `\z@' on input line 2174.


Package hyperref Warning: Token not allowed in a PDF string (Unicode):
(hyperref)                removing `subscript' on input line 2174.

[52 <../UCimg/UC4.2.jpg>]
<../UCimg/UC4.3.jpg, id=1095, 680.5425pt x 372.39125pt>
File: ../UCimg/UC4.3.jpg Graphic file (type jpg)
<use ../UCimg/UC4.3.jpg>
Package pdftex.def Info: ../UCimg/UC4.3.jpg  used on input line 2229.
(pdftex.def)             Requested size: 364.19667pt x 199.287pt.
 [53 <../UCimg/UC4.3.jpg>] [54]
<../UCimg/UC5.0.jpg, id=1107, 579.16376pt x 312.16624pt>
File: ../UCimg/UC5.0.jpg Graphic file (type jpg)
<use ../UCimg/UC5.0.jpg>
Package pdftex.def Info: ../UCimg/UC5.0.jpg  used on input line 2327.
(pdftex.def)             Requested size: 364.19667pt x 196.299pt.
 [55] [56 <../UCimg/UC5.0.jpg>]
<../UCimg/UC5.2.jpg, id=1120, 556.0775pt x 482.80376pt>
File: ../UCimg/UC5.2.jpg Graphic file (type jpg)
<use ../UCimg/UC5.2.jpg>
Package pdftex.def Info: ../UCimg/UC5.2.jpg  used on input line 2370.
(pdftex.def)             Requested size: 364.19667pt x 316.213pt.
<../UCimg/UC5.3.jpg, id=1121, 663.47874pt x 221.82875pt>
File: ../UCimg/UC5.3.jpg Graphic file (type jpg)
<use ../UCimg/UC5.3.jpg>
Package pdftex.def Info: ../UCimg/UC5.3.jpg  used on input line 2395.
(pdftex.def)             Requested size: 364.19667pt x 121.76585pt.
 [57 <../UCimg/UC5.2.jpg>] [58 <../UCimg/UC5.3.jpg>]

Package hyperref Warning: Token not allowed in a PDF string (Unicode):
(hyperref)                removing `\mathsurround' on input line 2439.


Package hyperref Warning: Token not allowed in a PDF string (Unicode):
(hyperref)                removing `\z@' on input line 2439.


Package hyperref Warning: Token not allowed in a PDF string (Unicode):
(hyperref)                removing `subscript' on input line 2439.


Underfull \hbox (badness 10000) in paragraph at lines 2461--2462
[]|\OT1/cmr/m/n/10.95 UC-1.2, UC-2.6,
 []


Underfull \hbox (badness 1231) in paragraph at lines 2461--2462
\OT1/cmr/m/n/10.95 UC-2.7, UC-2.7.*,
 []


Underfull \hbox (badness 1231) in paragraph at lines 2575--2576
[]|\OT1/cmr/m/n/10.95 UC-3.0, UC-3.0.1,
 []


Underfull \hbox (badness 10000) in paragraph at lines 2623--2624
[]|\OT1/cmr/m/n/10.95 UC-3.0, UC-3.3,
 []

[59] [60] [61] [62] [63] [64] [65] [66] [67]

Package hyperref Warning: Token not allowed in a PDF string (Unicode):
(hyperref)                removing `\mathsurround' on input line 2732.


Package hyperref Warning: Token not allowed in a PDF string (Unicode):
(hyperref)                removing `\z@' on input line 2732.


Package hyperref Warning: Token not allowed in a PDF string (Unicode):
(hyperref)                removing `subscript' on input line 2732.

[68]

Package hyperref Warning: Token not allowed in a PDF string (Unicode):
(hyperref)                removing `\mathsurround' on input line 2756.


Package hyperref Warning: Token not allowed in a PDF string (Unicode):
(hyperref)                removing `\z@' on input line 2756.


Package hyperref Warning: Token not allowed in a PDF string (Unicode):
(hyperref)                removing `subscript' on input line 2756.


Underfull \hbox (badness 3417) in paragraph at lines 2768--2769
[]|\OT1/cmr/m/n/10.95 PdQ { Re-spon-se
 []


Underfull \hbox (badness 1448) in paragraph at lines 2770--2771
\OT1/cmr/m/n/10.95 sing Ti-me, so-glia
 []


Underfull \hbox (badness 1874) in paragraph at lines 2778--2779
[]|\OT1/cmr/m/n/10.95 PdQ { In-di-ce di
 []


Underfull \hbox (badness 10000) in paragraph at lines 2778--2779
\OT1/cmr/m/n/10.95 Gul-pea-se, so-glia
 []


Underfull \hbox (badness 10000) in paragraph at lines 2781--2782
[]|\OT1/cmr/m/n/10.95 Norme di
 []


Underfull \hbox (badness 1874) in paragraph at lines 2785--2786
[]|\OT1/cmr/m/n/10.95 PdQ { In-di-ce di
 []


Underfull \hbox (badness 10000) in paragraph at lines 2785--2786
\OT1/cmr/m/n/10.95 Gul-pea-se, so-glia
 []


Underfull \hbox (badness 1874) in paragraph at lines 2787--2788
[]|\OT1/cmr/m/n/10.95 PdQ { In-di-ce di
 []


Underfull \hbox (badness 10000) in paragraph at lines 2787--2788
\OT1/cmr/m/n/10.95 Gul-pea-se, so-glia
 []

[69] [70] [71] [72] [73]

enddocument/afterlastpage: lastpage setting LastPage.
(./Analisi_dei_Requisiti_v1.4.1.aux)
 ***********
LaTeX2e <2023-11-01> patch level 1
L3 programming layer <2024-01-22>
 ***********
Package rerunfilecheck Info: File `Analisi_dei_Requisiti_v1.4.1.out' has not ch
anged.
(rerunfilecheck)             Checksum: 55CD6D9A68892C8C2690A63BA136129F;38873.
 ) 
Here is how much of TeX's memory you used:
 11314 strings out of 476171
 181814 string characters out of 5795119
 2088975 words of memory out of 5000000
 32911 multiletter control sequences out of 15000+600000
 567981 words of font info for 69 fonts, out of 8000000 for 9000
 14 hyphenation exceptions out of 8191
 75i,12n,79p,581b,642s stack positions out of 10000i,1000n,20000p,200000b,200000s
 </home/runner/.texlive2023/texmf-var/fonts/pk/ljfour/jknappen/ec/tcrm1095.60
0pk></usr/share/texlive/texmf-dist/fonts/type1/public/amsfonts/cm/cmbx10.pfb></
usr/share/texlive/texmf-dist/fonts/type1/public/amsfonts/cm/cmbx12.pfb></usr/sh
are/texlive/texmf-dist/fonts/type1/public/amsfonts/cm/cmbx8.pfb></usr/share/tex
live/texmf-dist/fonts/type1/public/amsfonts/cm/cmmi10.pfb></usr/share/texlive/t
exmf-dist/fonts/type1/public/amsfonts/cm/cmr10.pfb></usr/share/texlive/texmf-di
st/fonts/type1/public/amsfonts/cm/cmr8.pfb></usr/share/texlive/texmf-dist/fonts
/type1/public/amsfonts/cm/cmsy10.pfb></usr/share/texlive/texmf-dist/fonts/type1
/public/amsfonts/cm/cmti10.pfb></usr/share/texlive/texmf-dist/fonts/type1/publi
c/amsfonts/cm/cmti8.pfb></usr/share/texlive/texmf-dist/fonts/type1/public/amsfo
nts/cm/cmtt10.pfb></usr/share/texlive/texmf-dist/fonts/type1/public/amsfonts/cm
/cmtt8.pfb>
Output written on Analisi_dei_Requisiti_v1.4.1.pdf (79 pages, 2537760 bytes).
PDF statistics:
 1335 PDF objects out of 1440 (max. 8388607)
 1182 compressed objects within 12 object streams
 276 named destinations out of 1000 (max. 500000)
 1293 words of extra memory for PDF output out of 10000 (max. 10000000)

