\BOOKMARK [1][-]{section.1}{\376\377\000I\000n\000t\000r\000o\000d\000u\000z\000i\000o\000n\000e}{}% 1
\BOOKMARK [2][-]{subsection.1.1}{\376\377\000S\000c\000o\000p\000o\000\040\000d\000e\000l\000\040\000d\000o\000c\000u\000m\000e\000n\000t\000o}{section.1}% 2
\BOOKMARK [2][-]{subsection.1.2}{\376\377\000S\000c\000o\000p\000o\000\040\000d\000e\000l\000\040\000p\000r\000o\000d\000o\000t\000t\000o}{section.1}% 3
\BOOKMARK [2][-]{subsection.1.3}{\376\377\000R\000i\000f\000e\000r\000i\000m\000e\000n\000t\000i}{section.1}% 4
\BOOKMARK [3][-]{subsubsection.1.3.1}{\376\377\000R\000i\000f\000e\000r\000i\000m\000e\000n\000t\000i\000\040\000n\000o\000r\000m\000a\000t\000i\000v\000i}{subsection.1.3}% 5
\BOOKMARK [3][-]{subsubsection.1.3.2}{\376\377\000R\000i\000f\000e\000r\000i\000m\000e\000n\000t\000i\000\040\000i\000n\000f\000o\000r\000m\000a\000t\000i\000v\000i}{subsection.1.3}% 6
\BOOKMARK [1][-]{section.2}{\376\377\000A\000n\000a\000l\000i\000s\000i\000\040\000d\000e\000i\000\040\000R\000i\000s\000c\000h\000i}{}% 7
\BOOKMARK [2][-]{subsection.2.1}{\376\377\000R\000i\000s\000c\000h\000i\000\040\000o\000r\000g\000a\000n\000i\000z\000z\000a\000t\000i\000v\000i}{section.2}% 8
\BOOKMARK [3][-]{subsubsection.2.1.1}{\376\377\000R\000O\000-\0001\000\040\000-\000\040\000I\000m\000p\000e\000g\000n\000i\000\040\000p\000e\000r\000s\000o\000n\000a\000l\000i\000\040\000e\000\040\000u\000n\000i\000v\000e\000r\000s\000i\000t\000a\000r\000i}{subsection.2.1}% 9
\BOOKMARK [3][-]{subsubsection.2.1.2}{\376\377\000R\000O\000-\0002\000\040\000-\000\040\000D\000i\000s\000a\000c\000c\000o\000r\000d\000i\000\040\000n\000e\000l\000\040\000g\000r\000u\000p\000p\000o\000\040\000s\000u\000l\000l\000a\000\040\000m\000o\000d\000a\000l\000i\000t\000\340\000\040\000d\000i\000\040\000p\000r\000o\000c\000e\000d\000e\000r\000e}{subsection.2.1}% 10
\BOOKMARK [3][-]{subsubsection.2.1.3}{\376\377\000R\000O\000-\0003\000\040\000-\000\040\000S\000c\000a\000r\000s\000a\000\040\000e\000s\000p\000e\000r\000i\000e\000n\000z\000a\000\040\000n\000e\000l\000l\000'\000o\000r\000g\000a\000n\000i\000z\000z\000a\000z\000i\000o\000n\000e\000\040\000d\000i\000\040\000p\000r\000o\000g\000e\000t\000t\000i\000\040\000c\000o\000m\000p\000l\000e\000s\000s\000i}{subsection.2.1}% 11
\BOOKMARK [3][-]{subsubsection.2.1.4}{\376\377\000R\000O\000-\0004\000\040\000-\000\040\000M\000a\000n\000c\000a\000n\000z\000a\000\040\000d\000i\000\040\000c\000h\000i\000a\000r\000e\000z\000z\000a\000\040\000n\000e\000i\000\040\000r\000u\000o\000l\000i\000\040\000e\000\040\000r\000e\000s\000p\000o\000n\000s\000a\000b\000i\000l\000i\000t\000\340}{subsection.2.1}% 12
\BOOKMARK [3][-]{subsubsection.2.1.5}{\376\377\000R\000O\000-\0005\000\040\000-\000\040\000R\000i\000t\000a\000r\000d\000i\000\040\000n\000e\000l\000l\000o\000\040\000s\000v\000i\000l\000u\000p\000p\000o}{subsection.2.1}% 13
\BOOKMARK [3][-]{subsubsection.2.1.6}{\376\377\000R\000O\000-\0006\000\040\000-\000\040\000P\000r\000o\000b\000l\000e\000m\000i\000\040\000d\000i\000\040\000c\000o\000m\000u\000n\000i\000c\000a\000z\000i\000o\000n\000e}{subsection.2.1}% 14
\BOOKMARK [2][-]{subsection.2.2}{\376\377\000R\000i\000s\000c\000h\000i\000\040\000t\000e\000c\000n\000o\000l\000o\000g\000i\000c\000i}{section.2}% 15
\BOOKMARK [3][-]{subsubsection.2.2.1}{\376\377\000R\000T\000-\0001\000\040\000-\000\040\000D\000i\000f\000f\000i\000c\000o\000l\000t\000\340\000\040\000n\000e\000l\000l\000'\000a\000p\000p\000r\000e\000n\000d\000i\000m\000e\000n\000t\000o\000\040\000d\000e\000l\000l\000e\000\040\000t\000e\000c\000n\000o\000l\000o\000g\000i\000e}{subsection.2.2}% 16
\BOOKMARK [3][-]{subsubsection.2.2.2}{\376\377\000R\000T\000-\0002\000\040\000-\000\040\000D\000i\000f\000f\000i\000c\000o\000l\000t\000\340\000\040\000n\000e\000l\000l\000'\000i\000n\000t\000e\000g\000r\000a\000z\000i\000o\000n\000e\000\040\000c\000o\000n\000\040\000A\000P\000I\000G\000\040\000d\000i\000\040\000L\000L\000M}{subsection.2.2}% 17
\BOOKMARK [3][-]{subsubsection.2.2.3}{\376\377\000R\000T\000-\0003\000\040\000-\000\040\000S\000c\000a\000r\000s\000a\000\040\000e\000s\000p\000e\000r\000i\000e\000n\000z\000a\000\040\000c\000o\000n\000\040\000s\000t\000r\000u\000m\000e\000n\000t\000i\000\040\000d\000i\000\040\000s\000v\000i\000l\000u\000p\000p\000o}{subsection.2.2}% 18
\BOOKMARK [3][-]{subsubsection.2.2.4}{\376\377\000R\000T\000-\0004\000\040\000-\000\040\000P\000e\000r\000d\000i\000t\000a\000\040\000d\000i\000\040\000i\000n\000f\000o\000r\000m\000a\000z\000i\000o\000n\000i}{subsection.2.2}% 19
\BOOKMARK [2][-]{subsection.2.3}{\376\377\000R\000i\000s\000c\000h\000i\000\040\000r\000e\000l\000a\000t\000i\000v\000i\000\040\000a\000l\000\040\000p\000r\000o\000d\000o\000t\000t\000o}{section.2}% 20
\BOOKMARK [3][-]{subsubsection.2.3.1}{\376\377\000R\000P\000-\0001\000\040\000-\000\040\000C\000o\000m\000p\000r\000e\000n\000s\000i\000o\000n\000e\000\040\000e\000r\000r\000o\000n\000e\000a\000\040\000d\000e\000i\000\040\000r\000e\000q\000u\000i\000s\000i\000t\000i}{subsection.2.3}% 21
\BOOKMARK [3][-]{subsubsection.2.3.2}{\376\377\000R\000P\000-\0002\000\040\000-\000\040\000S\000o\000t\000t\000o\000s\000t\000i\000m\000a\000/\000s\000o\000v\000r\000a\000s\000t\000i\000m\000a\000\040\000d\000e\000i\000\040\000c\000o\000s\000t\000i\000\040\000o\000r\000a\000r\000i}{subsection.2.3}% 22
\BOOKMARK [3][-]{subsubsection.2.3.3}{\376\377\000R\000P\000-\0003\000\040\000-\000\040\000M\000a\000n\000c\000a\000n\000z\000a\000\040\000d\000i\000\040\000s\000u\000p\000p\000o\000r\000t\000o\000\040\000e\000s\000e\000c\000u\000t\000i\000v\000o}{subsection.2.3}% 23
\BOOKMARK [2][-]{subsection.2.4}{\376\377\000T\000a\000b\000e\000l\000l\000a\000\040\000r\000i\000a\000s\000s\000u\000n\000t\000i\000v\000a\000\040\000d\000e\000i\000\040\000r\000i\000s\000c\000h\000i\000\040\000i\000n\000d\000i\000v\000i\000d\000u\000a\000t\000i}{section.2}% 24
\BOOKMARK [1][-]{section.3}{\376\377\000M\000o\000d\000e\000l\000l\000o\000\040\000d\000i\000\040\000s\000v\000i\000l\000u\000p\000p\000o}{}% 25
\BOOKMARK [2][-]{subsection.3.1}{\376\377\000A\000p\000p\000r\000o\000c\000c\000i\000o\000\040\000a\000d\000o\000t\000t\000a\000t\000o}{section.3}% 26
\BOOKMARK [3][-]{subsubsection.3.1.1}{\376\377\000V\000a\000n\000t\000a\000g\000g\000i\000\040\000d\000e\000l\000l\000'\000a\000d\000o\000z\000i\000o\000n\000e\000\040\000d\000i\000\040\000S\000c\000r\000u\000m\000G}{subsection.3.1}% 27
\BOOKMARK [3][-]{subsubsection.3.1.2}{\376\377\000O\000r\000g\000a\000n\000i\000z\000z\000a\000z\000i\000o\000n\000e\000\040\000i\000n\000\040\000s\000p\000r\000i\000n\000t\000G}{subsection.3.1}% 28
\BOOKMARK [3][-]{subsubsection.3.1.3}{\376\377\000R\000o\000t\000a\000z\000i\000o\000n\000e\000\040\000d\000e\000i\000\040\000r\000u\000o\000l\000i}{subsection.3.1}% 29
\BOOKMARK [3][-]{subsubsection.3.1.4}{\376\377\000S\000t\000r\000u\000m\000e\000n\000t\000i\000\040\000d\000i\000\040\000g\000e\000s\000t\000i\000o\000n\000e}{subsection.3.1}% 30
\BOOKMARK [1][-]{section.4}{\376\377\000P\000i\000a\000n\000i\000f\000i\000c\000a\000z\000i\000o\000n\000e}{}% 31
\BOOKMARK [2][-]{subsection.4.1}{\376\377\000G\000e\000s\000t\000i\000o\000n\000e\000\040\000d\000e\000g\000l\000i\000\040\000s\000p\000r\000i\000n\000t\000G}{section.4}% 32
\BOOKMARK [2][-]{subsection.4.2}{\376\377\000C\000a\000l\000e\000n\000d\000a\000r\000i\000o\000\040\000d\000i\000\040\000p\000r\000o\000g\000e\000t\000t\000o}{section.4}% 33
\BOOKMARK [2][-]{subsection.4.3}{\376\377\000P\000r\000e\000v\000e\000n\000t\000i\000v\000o\000\040\000i\000n\000i\000z\000i\000a\000l\000e}{section.4}% 34
\BOOKMARK [1][-]{section.5}{\376\377\000S\000t\000u\000d\000i\000o\000\040\000d\000e\000i\000\040\000C\000a\000p\000i\000t\000o\000l\000a\000t\000i\000\040\000e\000\040\000A\000s\000s\000e\000g\000n\000a\000z\000i\000o\000n\000e\000\040\000d\000e\000l\000l\000'\000A\000p\000p\000a\000l\000t\000o}{}% 35
\BOOKMARK [2][-]{subsection.5.1}{\376\377\000A\000t\000t\000i\000v\000i\000t\000\340\000\040\000s\000v\000o\000l\000t\000e}{section.5}% 36
\BOOKMARK [1][-]{section.6}{\376\377\000R\000e\000q\000u\000i\000r\000e\000m\000e\000n\000t\000s\000\040\000a\000n\000d\000\040\000T\000e\000c\000h\000n\000o\000l\000o\000g\000y\000\040\000B\000a\000s\000e\000l\000i\000n\000e\000\040\000\050\000R\000T\000B\000\051}{}% 37
\BOOKMARK [2][-]{subsection.6.1}{\376\377\000I\000n\000t\000r\000o\000d\000u\000z\000i\000o\000n\000e}{section.6}% 38
\BOOKMARK [2][-]{subsection.6.2}{\376\377\000S\000p\000r\000i\000n\000t\000G\000\040\0001\000:\000\040\000I\000n\000i\000z\000i\000o\000\040\000s\000c\000r\000i\000t\000t\000u\000r\000a\000\040\000d\000o\000c\000u\000m\000e\000n\000t\000a\000z\000i\000o\000n\000e\000\040\000p\000e\000r\000\040\000R\000T\000B}{section.6}% 39
\BOOKMARK [3][-]{subsubsection.6.2.1}{\376\377\000P\000i\000a\000n\000i\000f\000i\000c\000a\000z\000i\000o\000n\000e}{subsection.6.2}% 40
\BOOKMARK [3][-]{subsubsection.6.2.2}{\376\377\000P\000r\000e\000v\000e\000n\000t\000i\000v\000o\000\040\000o\000r\000a\000r\000i\000o}{subsection.6.2}% 41
\BOOKMARK [3][-]{subsubsection.6.2.3}{\376\377\000R\000e\000v\000i\000e\000w}{subsection.6.2}% 42
\BOOKMARK [3][-]{subsubsection.6.2.4}{\376\377\000C\000o\000n\000s\000u\000n\000t\000i\000v\000o\000\040\000o\000r\000a\000r\000i\000o}{subsection.6.2}% 43
\BOOKMARK [3][-]{subsubsection.6.2.5}{\376\377\000R\000e\000t\000r\000o\000s\000p\000e\000t\000t\000i\000v\000a}{subsection.6.2}% 44
\BOOKMARK [2][-]{subsection.6.3}{\376\377\000S\000p\000r\000i\000n\000t\000G\000\040\0002\000:\000\040\000D\000i\000s\000c\000u\000s\000s\000i\000o\000n\000e\000\040\000e\000\040\000s\000c\000r\000i\000t\000t\000u\000r\000a\000\040\000d\000e\000i\000\040\000c\000a\000s\000i\000\040\000d\000'\000u\000s\000o}{section.6}% 45
\BOOKMARK [3][-]{subsubsection.6.3.1}{\376\377\000P\000i\000a\000n\000i\000f\000i\000c\000a\000z\000i\000o\000n\000e}{subsection.6.3}% 46
\BOOKMARK [3][-]{subsubsection.6.3.2}{\376\377\000P\000r\000e\000v\000e\000n\000t\000i\000v\000o\000\040\000o\000r\000a\000r\000i\000o}{subsection.6.3}% 47
\BOOKMARK [3][-]{subsubsection.6.3.3}{\376\377\000R\000e\000v\000i\000e\000w}{subsection.6.3}% 48
\BOOKMARK [3][-]{subsubsection.6.3.4}{\376\377\000C\000o\000n\000s\000u\000n\000t\000i\000v\000o\000\040\000o\000r\000a\000r\000i\000o}{subsection.6.3}% 49
\BOOKMARK [3][-]{subsubsection.6.3.5}{\376\377\000R\000e\000t\000r\000o\000s\000p\000e\000t\000t\000i\000v\000a}{subsection.6.3}% 50
\BOOKMARK [2][-]{subsection.6.4}{\376\377\000S\000p\000r\000i\000n\000t\000G\000\040\0003\000:\000\040\000A\000v\000a\000n\000z\000a\000m\000e\000n\000t\000o\000\040\000d\000o\000c\000u\000m\000e\000n\000t\000a\000z\000i\000o\000n\000e\000\040\000R\000T\000B}{section.6}% 51
\BOOKMARK [3][-]{subsubsection.6.4.1}{\376\377\000P\000i\000a\000n\000i\000f\000i\000c\000a\000z\000i\000o\000n\000e}{subsection.6.4}% 52
\BOOKMARK [3][-]{subsubsection.6.4.2}{\376\377\000P\000r\000e\000v\000e\000n\000t\000i\000v\000o\000\040\000o\000r\000a\000r\000i\000o}{subsection.6.4}% 53
\BOOKMARK [3][-]{subsubsection.6.4.3}{\376\377\000R\000e\000v\000i\000e\000w}{subsection.6.4}% 54
\BOOKMARK [3][-]{subsubsection.6.4.4}{\376\377\000C\000o\000n\000s\000u\000n\000t\000i\000v\000o\000\040\000o\000r\000a\000r\000i\000o}{subsection.6.4}% 55
\BOOKMARK [3][-]{subsubsection.6.4.5}{\376\377\000R\000e\000t\000r\000o\000s\000p\000e\000t\000t\000i\000v\000a}{subsection.6.4}% 56
\BOOKMARK [2][-]{subsection.6.5}{\376\377\000S\000p\000r\000i\000n\000t\000G\000\040\0004\000:\000\040\000C\000o\000m\000p\000l\000e\000t\000a\000m\000e\000n\000t\000o\000\040\000A\000d\000R\000\040\000e\000\040\000i\000n\000i\000z\000i\000o\000\040\000P\000o\000C}{section.6}% 57
\BOOKMARK [3][-]{subsubsection.6.5.1}{\376\377\000P\000i\000a\000n\000i\000f\000i\000c\000a\000z\000i\000o\000n\000e}{subsection.6.5}% 58
\BOOKMARK [3][-]{subsubsection.6.5.2}{\376\377\000P\000r\000e\000v\000e\000n\000t\000i\000v\000o\000\040\000o\000r\000a\000r\000i\000o}{subsection.6.5}% 59
\BOOKMARK [3][-]{subsubsection.6.5.3}{\376\377\000R\000e\000v\000i\000e\000w}{subsection.6.5}% 60
\BOOKMARK [3][-]{subsubsection.6.5.4}{\376\377\000C\000o\000n\000s\000u\000n\000t\000i\000v\000o\000\040\000o\000r\000a\000r\000i\000o}{subsection.6.5}% 61
\BOOKMARK [3][-]{subsubsection.6.5.5}{\376\377\000R\000e\000t\000r\000o\000s\000p\000e\000t\000t\000i\000v\000a}{subsection.6.5}% 62
\BOOKMARK [2][-]{subsection.6.6}{\376\377\000S\000p\000r\000i\000n\000t\000G\000\040\0005\000:\000\040\000S\000v\000i\000l\000u\000p\000p\000o\000\040\000d\000e\000l\000\040\000P\000o\000C}{section.6}% 63
\BOOKMARK [3][-]{subsubsection.6.6.1}{\376\377\000P\000i\000a\000n\000i\000f\000i\000c\000a\000z\000i\000o\000n\000e}{subsection.6.6}% 64
\BOOKMARK [3][-]{subsubsection.6.6.2}{\376\377\000P\000r\000e\000v\000e\000n\000t\000i\000v\000o\000\040\000o\000r\000a\000r\000i\000o}{subsection.6.6}% 65
\BOOKMARK [3][-]{subsubsection.6.6.3}{\376\377\000R\000e\000v\000i\000e\000w}{subsection.6.6}% 66
\BOOKMARK [3][-]{subsubsection.6.6.4}{\376\377\000C\000o\000n\000s\000u\000n\000t\000i\000v\000o\000\040\000o\000r\000a\000r\000i\000o}{subsection.6.6}% 67
\BOOKMARK [3][-]{subsubsection.6.6.5}{\376\377\000R\000e\000t\000r\000o\000s\000p\000e\000t\000t\000i\000v\000a}{subsection.6.6}% 68
\BOOKMARK [2][-]{subsection.6.7}{\376\377\000S\000p\000r\000i\000n\000t\000G\000\040\0006\000:\000\040\000S\000v\000i\000l\000u\000p\000p\000o\000\040\000d\000e\000l\000\040\000P\000o\000C}{section.6}% 69
\BOOKMARK [3][-]{subsubsection.6.7.1}{\376\377\000P\000i\000a\000n\000i\000f\000i\000c\000a\000z\000i\000o\000n\000e}{subsection.6.7}% 70
\BOOKMARK [3][-]{subsubsection.6.7.2}{\376\377\000P\000r\000e\000v\000e\000n\000t\000i\000v\000o\000\040\000o\000r\000a\000r\000i\000o}{subsection.6.7}% 71
\BOOKMARK [3][-]{subsubsection.6.7.3}{\376\377\000R\000e\000v\000i\000e\000w}{subsection.6.7}% 72
\BOOKMARK [3][-]{subsubsection.6.7.4}{\376\377\000C\000o\000n\000s\000u\000n\000t\000i\000v\000o\000\040\000o\000r\000a\000r\000i\000o}{subsection.6.7}% 73
\BOOKMARK [3][-]{subsubsection.6.7.5}{\376\377\000R\000e\000t\000r\000o\000s\000p\000e\000t\000t\000i\000v\000a}{subsection.6.7}% 74
\BOOKMARK [2][-]{subsection.6.8}{\376\377\000S\000p\000r\000i\000n\000t\000G\000\040\0007\000:\000\040\000C\000o\000m\000p\000l\000e\000t\000a\000m\000e\000n\000t\000o\000\040\000d\000e\000l\000\040\000P\000o\000C}{section.6}% 75
\BOOKMARK [3][-]{subsubsection.6.8.1}{\376\377\000P\000i\000a\000n\000i\000f\000i\000c\000a\000z\000i\000o\000n\000e}{subsection.6.8}% 76
\BOOKMARK [3][-]{subsubsection.6.8.2}{\376\377\000P\000r\000e\000v\000e\000n\000t\000i\000v\000o\000\040\000o\000r\000a\000r\000i\000o}{subsection.6.8}% 77
\BOOKMARK [3][-]{subsubsection.6.8.3}{\376\377\000R\000e\000v\000i\000e\000w}{subsection.6.8}% 78
\BOOKMARK [3][-]{subsubsection.6.8.4}{\376\377\000C\000o\000n\000s\000u\000n\000t\000i\000v\000o\000\040\000o\000r\000a\000r\000i\000o}{subsection.6.8}% 79
\BOOKMARK [3][-]{subsubsection.6.8.5}{\376\377\000R\000e\000t\000r\000o\000s\000p\000e\000t\000t\000i\000v\000a}{subsection.6.8}% 80
\BOOKMARK [1][-]{section.7}{\376\377\000R\000i\000e\000p\000i\000l\000o\000g\000o\000\040\000p\000r\000e\000v\000e\000n\000t\000i\000v\000i\000\040\000e\000\040\000c\000o\000n\000s\000u\000n\000t\000i\000v\000i}{}% 81
\BOOKMARK [2][-]{subsection.7.1}{\376\377\000A\000n\000a\000l\000i\000s\000i\000\040\000f\000a\000s\000e\000\040\000R\000T\000B}{section.7}% 82
\BOOKMARK [3][-]{subsubsection.7.1.1}{\376\377\000P\000r\000e\000v\000e\000n\000t\000i\000v\000o\000\040\000R\000T\000B}{subsection.7.1}% 83
\BOOKMARK [3][-]{subsubsection.7.1.2}{\376\377\000C\000o\000n\000s\000u\000n\000t\000i\000v\000o\000\040\000R\000T\000B}{subsection.7.1}% 84
\BOOKMARK [3][-]{subsubsection.7.1.3}{\376\377\000A\000n\000a\000l\000i\000s\000i\000\040\000d\000e\000l\000l\000a\000\040\000d\000i\000s\000t\000r\000i\000b\000u\000z\000i\000o\000n\000e\000\040\000o\000r\000a\000r\000i\000a}{subsection.7.1}% 85
\BOOKMARK [1][-]{section.8}{\376\377\000P\000r\000o\000d\000u\000c\000t\000\040\000B\000a\000s\000e\000l\000i\000n\000e\000\040\000P\000e\000r\000i\000o\000d\000o\000:\000\040\000m\000a\000r\000z\000o\000\040\000-\000\040\000a\000p\000r\000i\000l\000e\000\040\0002\0000\0002\0006}{}% 86
\BOOKMARK [2][-]{subsection.8.1}{\376\377\000I\000n\000t\000r\000o\000d\000u\000z\000i\000o\000n\000e}{section.8}% 87
\BOOKMARK [2][-]{subsection.8.2}{\376\377\000S\000p\000r\000i\000n\000t\000G\000\040\0008\000:\000\040\000I\000n\000i\000z\000i\000o\000\040\000f\000a\000s\000e\000\040\000P\000B}{section.8}% 88
\BOOKMARK [3][-]{subsubsection.8.2.1}{\376\377\000P\000i\000a\000n\000i\000f\000i\000c\000a\000z\000i\000o\000n\000e}{subsection.8.2}% 89
\BOOKMARK [3][-]{subsubsection.8.2.2}{\376\377\000P\000r\000e\000v\000e\000n\000t\000i\000v\000o\000\040\000o\000r\000a\000r\000i\000o}{subsection.8.2}% 90
\BOOKMARK [3][-]{subsubsection.8.2.3}{\376\377\000R\000e\000v\000i\000e\000w}{subsection.8.2}% 91
\BOOKMARK [3][-]{subsubsection.8.2.4}{\376\377\000C\000o\000n\000s\000u\000n\000t\000i\000v\000o\000\040\000o\000r\000a\000r\000i\000o}{subsection.8.2}% 92
\BOOKMARK [3][-]{subsubsection.8.2.5}{\376\377\000R\000e\000t\000r\000o\000s\000p\000e\000t\000t\000i\000v\000a}{subsection.8.2}% 93
